Archive member included to satisfy reference by file (symbol)

C:/ST/STM32CubeIDE_2.0.0/STM32CubeIDE/plugins/com.st.stm32cube.ide.mcu.externaltools.gnu-tools-for-stm32.13.3.rel1.win32_1.0.100.202509120712/tools/bin/../lib/gcc/arm-none-eabi/13.3.1/../../../../arm-none-eabi/lib/thumb/v7-m/nofp\libc_nano.a(libc_a-assert.o)
                              ./Core/Tests/Protocol/crc16_test.o (__assert_func)
C:/ST/STM32CubeIDE_2.0.0/STM32CubeIDE/plugins/com.st.stm32cube.ide.mcu.externaltools.gnu-tools-for-stm32.13.3.rel1.win32_1.0.100.202509120712/tools/bin/../lib/gcc/arm-none-eabi/13.3.1/../../../../arm-none-eabi/lib/thumb/v7-m/nofp\libc_nano.a(libc_a-exit.o)
                              C:/ST/STM32CubeIDE_2.0.0/STM32CubeIDE/plugins/com.st.stm32cube.ide.mcu.externaltools.gnu-tools-for-stm32.13.3.rel1.win32_1.0.100.202509120712/tools/bin/../lib/gcc/arm-none-eabi/13.3.1/../../../../arm-none-eabi/lib/thumb/v7-m/nofp/crt0.o (exit)
C:/ST/STM32CubeIDE_2.0.0/STM32CubeIDE/plugins/com.st.stm32cube.ide.mcu.externaltools.gnu-tools-for-stm32.13.3.rel1.win32_1.0.100.202509120712/tools/bin/../lib/gcc/arm-none-eabi/13.3.1/../../../../arm-none-eabi/lib/thumb/v7-m/nofp\libc_nano.a(libc_a-findfp.o)
                              C:/ST/STM32CubeIDE_2.0.0/STM32CubeIDE/plugins/com.st.stm32cube.ide.mcu.externaltools.gnu-tools-for-stm32.13.3.rel1.win32_1.0.100.202509120712/tools/bin/../lib/gcc/arm-none-eabi/13.3.1/../../../../arm-none-eabi/lib/thumb/v7-m/nofp\libc_nano.a(libc_a-exit.o) (__stdio_exit_handler)
C:/ST/STM32CubeIDE_2.0.0/STM32CubeIDE/plugins/com.st.stm32cube.ide.mcu.externaltools.gnu-tools-for-stm32.13.3.rel1.win32_1.0.100.202509120712/tools/bin/../lib/gcc/arm-none-eabi/13.3.1/../../../../arm-none-eabi/lib/thumb/v7-m/nofp\libc_nano.a(libc_a-fprintf.o)
                              C:/ST/STM32CubeIDE_2.0.0/STM32CubeIDE/plugins/com.st.stm32cube.ide.mcu.externaltools.gnu-tools-for-stm32.13.3.rel1.win32_1.0.100.202509120712/tools/bin/../lib/gcc/arm-none-eabi/13.3.1/../../../../arm-none-eabi/lib/thumb/v7-m/nofp\libc_nano.a(libc_a-assert.o) (fiprintf)
C:/ST/STM32CubeIDE_2.0.0/STM32CubeIDE/plugins/com.st.stm32cube.ide.mcu.externaltools.gnu-tools-for-stm32.13.3.rel1.win32_1.0.100.202509120712/tools/bin/../lib/gcc/arm-none-eabi/13.3.1/../../../../arm-none-eabi/lib/thumb/v7-m/nofp\libc_nano.a(libc_a-fwalk.o)
                              C:/ST/STM32CubeIDE_2.0.0/STM32CubeIDE/plugins/com.st.stm32cube.ide.mcu.externaltools.gnu-tools-for-stm32.13.3.rel1.win32_1.0.100.202509120712/tools/bin/../lib/gcc/arm-none-eabi/13.3.1/../../../../arm-none-eabi/lib/thumb/v7-m/nofp\libc_nano.a(libc_a-findfp.o) (_fwalk_sglue)
C:/ST/STM32CubeIDE_2.0.0/STM32CubeIDE/plugins/com.st.stm32cube.ide.mcu.externaltools.gnu-tools-for-stm32.13.3.rel1.win32_1.0.100.202509120712/tools/bin/../lib/gcc/arm-none-eabi/13.3.1/../../../../arm-none-eabi/lib/thumb/v7-m/nofp\libc_nano.a(libc_a-snprintf.o)
                              ./Core/Services/system_service.o (snprintf)
C:/ST/STM32CubeIDE_2.0.0/STM32CubeIDE/plugins/com.st.stm32cube.ide.mcu.externaltools.gnu-tools-for-stm32.13.3.rel1.win32_1.0.100.202509120712/tools/bin/../lib/gcc/arm-none-eabi/13.3.1/../../../../arm-none-eabi/lib/thumb/v7-m/nofp\libc_nano.a(libc_a-stdio.o)
                              C:/ST/STM32CubeIDE_2.0.0/STM32CubeIDE/plugins/com.st.stm32cube.ide.mcu.externaltools.gnu-tools-for-stm32.13.3.rel1.win32_1.0.100.202509120712/tools/bin/../lib/gcc/arm-none-eabi/13.3.1/../../../../arm-none-eabi/lib/thumb/v7-m/nofp\libc_nano.a(libc_a-findfp.o) (__sread)
C:/ST/STM32CubeIDE_2.0.0/STM32CubeIDE/plugins/com.st.stm32cube.ide.mcu.externaltools.gnu-tools-for-stm32.13.3.rel1.win32_1.0.100.202509120712/tools/bin/../lib/gcc/arm-none-eabi/13.3.1/../../../../arm-none-eabi/lib/thumb/v7-m/nofp\libc_nano.a(libc_a-memcmp.o)
                              ./Core/Tests/Protocol/packet_test.o (memcmp)
C:/ST/STM32CubeIDE_2.0.0/STM32CubeIDE/plugins/com.st.stm32cube.ide.mcu.externaltools.gnu-tools-for-stm32.13.3.rel1.win32_1.0.100.202509120712/tools/bin/../lib/gcc/arm-none-eabi/13.3.1/../../../../arm-none-eabi/lib/thumb/v7-m/nofp\libc_nano.a(libc_a-memset.o)
                              C:/ST/STM32CubeIDE_2.0.0/STM32CubeIDE/plugins/com.st.stm32cube.ide.mcu.externaltools.gnu-tools-for-stm32.13.3.rel1.win32_1.0.100.202509120712/tools/bin/../lib/gcc/arm-none-eabi/13.3.1/../../../../arm-none-eabi/lib/thumb/v7-m/nofp/crt0.o (memset)
C:/ST/STM32CubeIDE_2.0.0/STM32CubeIDE/plugins/com.st.stm32cube.ide.mcu.externaltools.gnu-tools-for-stm32.13.3.rel1.win32_1.0.100.202509120712/tools/bin/../lib/gcc/arm-none-eabi/13.3.1/../../../../arm-none-eabi/lib/thumb/v7-m/nofp\libc_nano.a(libc_a-closer.o)
                              C:/ST/STM32CubeIDE_2.0.0/STM32CubeIDE/plugins/com.st.stm32cube.ide.mcu.externaltools.gnu-tools-for-stm32.13.3.rel1.win32_1.0.100.202509120712/tools/bin/../lib/gcc/arm-none-eabi/13.3.1/../../../../arm-none-eabi/lib/thumb/v7-m/nofp\libc_nano.a(libc_a-stdio.o) (_close_r)
[...]
Memory Configuration

Name             Origin             Length             Attributes
RAM              0x20000000         0x00010000         xrw
FLASH            0x08000000         0x00080000         xr
*default*        0x00000000         0xffffffff

Linker script and memory map

LOAD C:/ST/STM32CubeIDE_2.0.0/STM32CubeIDE/plugins/com.st.stm32cube.ide.mcu.externaltools.gnu-tools-for-stm32.13.3.rel1.win32_1.0.100.202509120712/tools/bin/../lib/gcc/arm-none-eabi/13.3.1/thumb/v7-m/nofp/crti.o
LOAD C:/ST/STM32CubeIDE_2.0.0/STM32CubeIDE/plugins/com.st.stm32cube.ide.mcu.externaltools.gnu-tools-for-stm32.13.3.rel1.win32_1.0.100.202509120712/tools/bin/../lib/gcc/arm-none-eabi/13.3.1/thumb/v7-m/nofp/crtbegin.o
LOAD C:/ST/STM32CubeIDE_2.0.0/STM32CubeIDE/plugins/com.st.stm32cube.ide.mcu.externaltools.gnu-tools-for-stm32.13.3.rel1.win32_1.0.100.202509120712/tools/bin/../lib/gcc/arm-none-eabi/13.3.1/../../../../arm-none-eabi/lib/thumb/v7-m/nofp/crt0.o
LOAD ./Core/App/app_init.o
LOAD ./Core/Commands/cmd_distance.o
LOAD ./Core/Commands/cmd_env.o
LOAD ./Core/Commands/cmd_fan.o
LOAD ./Core/Commands/cmd_lamp.o
LOAD ./Core/Commands/cmd_led.o
LOAD ./Core/Commands/cmd_lock.o
LOAD ./Core/Commands/cmd_status.o
LOAD ./Core/Commands/cmd_system.o
LOAD ./Core/Commands/cmd_weight.o
LOAD ./Core/Commands/command_registry.o
LOAD ./Core/Drivers/door_driver.o
LOAD ./Core/Drivers/pump_driver.o
LOAD ./Core/Drivers/relay_driver.o
LOAD ./Core/Drivers/sensor_driver.o
LOAD ./Core/Drivers/uart_driver.o
LOAD ./Core/Machine/machine_state.o
LOAD ./Core/Protocol/command_dispatcher.o
LOAD ./Core/Protocol/crc16.o
LOAD ./Core/Protocol/frame_decoder.o
LOAD ./Core/Protocol/packet.o
LOAD ./Core/Protocol/packet_builder.o
LOAD ./Core/Protocol/packet_parser.o
LOAD ./Core/Protocol/packet_validator.o
LOAD ./Core/Services/communication_service.o
LOAD ./Core/Services/door_service.o
LOAD ./Core/Services/sensor_service.o
LOAD ./Core/Services/system_service.o
LOAD ./Core/Src/freertos.o
LOAD ./Core/Src/main.o
LOAD ./Core/Src/stm32f1xx_hal_msp.o
LOAD ./Core/Src/stm32f1xx_it.o
LOAD ./Core/Src/syscalls.o
LOAD ./Core/Src/sysmem.o
LOAD ./Core/Src/system_stm32f1xx.o
LOAD ./Core/Startup/startup_stm32f103retx.o
LOAD ./Core/Storage/flash_manager.o
LOAD ./Core/Tests/Protocol/crc16_test.o
LOAD ./Core/Tests/Protocol/packet_test.o
LOAD ./Drivers/STM32F1xx_HAL_Driver/Src/stm32f1xx_hal.o
LOAD ./Drivers/STM32F1xx_HAL_Driver/Src/stm32f1xx_hal_cortex.o
LOAD ./Drivers/STM32F1xx_HAL_Driver/Src/stm32f1xx_hal_dma.o
LOAD ./Drivers/STM32F1xx_HAL_Driver/Src/stm32f1xx_hal_exti.o
LOAD ./Drivers/STM32F1xx_HAL_Driver/Src/stm32f1xx_hal_flash.o
LOAD ./Drivers/STM32F1xx_HAL_Driver/Src/stm32f1xx_hal_flash_ex.o
LOAD ./Drivers/STM32F1xx_HAL_Driver/Src/stm32f1xx_hal_gpio.o
LOAD ./Drivers/STM32F1xx_HAL_Driver/Src/stm32f1xx_hal_gpio_ex.o
LOAD ./Drivers/STM32F1xx_HAL_Driver/Src/stm32f1xx_hal_pwr.o
LOAD ./Drivers/STM32F1xx_HAL_Driver/Src/stm32f1xx_hal_rcc.o
LOAD ./Drivers/STM32F1xx_HAL_Driver/Src/stm32f1xx_hal_rcc_ex.o
LOAD ./Drivers/STM32F1xx_HAL_Driver/Src/stm32f1xx_hal_tim.o
LOAD ./Drivers/STM32F1xx_HAL_Driver/Src/stm32f1xx_hal_tim_ex.o
LOAD ./Drivers/STM32F1xx_HAL_Driver/Src/stm32f1xx_hal_uart.o
LOAD ./Middlewares/Third_Party/FreeRTOS/Source/CMSIS_RTOS_V2/cmsis_os2.o
LOAD ./Middlewares/Third_Party/FreeRTOS/Source/croutine.o
LOAD ./Middlewares/Third_Party/FreeRTOS/Source/event_groups.o
LOAD ./Middlewares/Third_Party/FreeRTOS/Source/list.o
LOAD ./Middlewares/Third_Party/FreeRTOS/Source/queue.o
LOAD ./Middlewares/Third_Party/FreeRTOS/Source/stream_buffer.o
LOAD ./Middlewares/Third_Party/FreeRTOS/Source/tasks.o
LOAD ./Middlewares/Third_Party/FreeRTOS/Source/timers.o
LOAD ./Middlewares/Third_Party/FreeRTOS/Source/portable/GCC/ARM_CM3/port.o
LOAD ./Middlewares/Third_Party/FreeRTOS/Source/portable/MemMang/heap_4.o
START GROUP
LOAD C:/ST/STM32CubeIDE_2.0.0/STM32CubeIDE/plugins/com.st.stm32cube.ide.mcu.externaltools.gnu-tools-for-stm32.13.3.rel1.win32_1.0.100.202509120712/tools/bin/../lib/gcc/arm-none-eabi/13.3.1/../../../../arm-none-eabi/lib/thumb/v7-m/nofp\libc_nano.a
LOAD C:/ST/STM32CubeIDE_2.0.0/STM32CubeIDE/plugins/com.st.stm32cube.ide.mcu.externaltools.gnu-tools-for-stm32.13.3.rel1.win32_1.0.100.202509120712/tools/bin/../lib/gcc/arm-none-eabi/13.3.1/../../../../arm-none-eabi/lib/thumb/v7-m/nofp\libm.a
END GROUP
START GROUP
LOAD C:/ST/STM32CubeIDE_2.0.0/STM32CubeIDE/plugins/com.st.stm32cube.ide.mcu.externaltools.gnu-tools-for-stm32.13.3.rel1.win32_1.0.100.202509120712/tools/bin/../lib/gcc/arm-none-eabi/13.3.1/thumb/v7-m/nofp\libgcc.a
LOAD C:/ST/STM32CubeIDE_2.0.0/STM32CubeIDE/plugins/com.st.stm32cube.ide.mcu.externaltools.gnu-tools-for-stm32.13.3.rel1.win32_1.0.100.202509120712/tools/bin/../lib/gcc/arm-none-eabi/13.3.1/../../../../arm-none-eabi/lib/thumb/v7-m/nofp\libc_nano.a
END GROUP
START GROUP
LOAD C:/ST/STM32CubeIDE_2.0.0/STM32CubeIDE/plugins/com.st.stm32cube.ide.mcu.externaltools.gnu-tools-for-stm32.13.3.rel1.win32_1.0.100.202509120712/tools/bin/../lib/gcc/arm-none-eabi/13.3.1/thumb/v7-m/nofp\libgcc.a
LOAD C:/ST/STM32CubeIDE_2.0.0/STM32CubeIDE/plugins/com.st.stm32cube.ide.mcu.externaltools.gnu-tools-for-stm32.13.3.rel1.win32_1.0.100.202509120712/tools/bin/../lib/gcc/arm-none-eabi/13.3.1/../../../../arm-none-eabi/lib/thumb/v7-m/nofp\libc_nano.a
LOAD C:/ST/STM32CubeIDE_2.0.0/STM32CubeIDE/plugins/com.st.stm32cube.ide.mcu.externaltools.gnu-tools-for-stm32.13.3.rel1.win32_1.0.100.202509120712/tools/bin/../lib/gcc/arm-none-eabi/13.3.1/../../../../arm-none-eabi/lib/thumb/v7-m/nofp\libnosys.a
END GROUP
START GROUP
LOAD C:/ST/STM32CubeIDE_2.0.0/STM32CubeIDE/plugins/com.st.stm32cube.ide.mcu.externaltools.gnu-tools-for-stm32.13.3.rel1.win32_1.0.100.202509120712/tools/bin/../lib/gcc/arm-none-eabi/13.3.1/thumb/v7-m/nofp\libgcc.a
LOAD C:/ST/STM32CubeIDE_2.0.0/STM32CubeIDE/plugins/com.st.stm32cube.ide.mcu.externaltools.gnu-tools-for-stm32.13.3.rel1.win32_1.0.100.202509120712/tools/bin/../lib/gcc/arm-none-eabi/13.3.1/../../../../arm-none-eabi/lib/thumb/v7-m/nofp\libc_nano.a
LOAD C:/ST/STM32CubeIDE_2.0.0/STM32CubeIDE/plugins/com.st.stm32cube.ide.mcu.externaltools.gnu-tools-for-stm32.13.3.rel1.win32_1.0.100.202509120712/tools/bin/../lib/gcc/arm-none-eabi/13.3.1/../../../../arm-none-eabi/lib/thumb/v7-m/nofp\libnosys.a
END GROUP
LOAD C:/ST/STM32CubeIDE_2.0.0/STM32CubeIDE/plugins/com.st.stm32cube.ide.mcu.externaltools.gnu-tools-for-stm32.13.3.rel1.win32_1.0.100.202509120712/tools/bin/../lib/gcc/arm-none-eabi/13.3.1/thumb/v7-m/nofp/crtend.o
LOAD C:/ST/STM32CubeIDE_2.0.0/STM32CubeIDE/plugins/com.st.stm32cube.ide.mcu.externaltools.gnu-tools-for-stm32.13.3.rel1.win32_1.0.100.202509120712/tools/bin/../lib/gcc/arm-none-eabi/13.3.1/thumb/v7-m/nofp/crtn.o
                0x20010000                        _estack = (ORIGIN (RAM) + LENGTH (RAM))
                0x00000200                        _Min_Heap_Size = 0x200
                0x00000400                        _Min_Stack_Size = 0x400

.isr_vector     0x08000000      0x1e4
                0x08000000                        . = ALIGN (0x4)
 *(.isr_vector)
 .isr_vector    0x08000000      0x1e4 ./Core/Startup/startup_stm32f103retx.o
                0x08000000                g_pfnVectors
                0x080001e4                        . = ALIGN (0x4)

.text           0x080001f0     0xa638
                0x080001f0                        . = ALIGN (0x4)
 *(.text)
 .text          0x080001f0       0x40 C:/ST/STM32CubeIDE_2.0.0/STM32CubeIDE/plugins/com.st.stm32cube.ide.mcu.externaltools.gnu-tools-for-stm32.13.3.rel1.win32_1.0.100.202509120712/tools/bin/../lib/gcc/arm-none-eabi/13.3.1/thumb/v7-m/nofp/crtbegin.o
 *(.text*)
 .text.App_Init
                0x08000230       0x10 ./Core/App/app_init.o
                0x08000230                App_Init
 .text.CmdDistance_Handle
                0x08000240       0xc6 ./Core/Commands/cmd_distance.o
                0x08000240                CmdDistance_Handle
 .text.CmdEnv_Handle
                0x08000306      0x110 ./Core/Commands/cmd_env.o
                0x08000306                CmdEnv_Handle
 .text.CmdFan_Handle
                0x08000416       0xc0 ./Core/Commands/cmd_fan.o
                0x08000416                CmdFan_Handle
 .text.CmdLamp_Handle
                0x080004d6       0xcc ./Core/Commands/cmd_lamp.o
                0x080004d6                CmdLamp_Handle
 .text.CmdLed_Handle
                0x080005a2       0xaa ./Core/Commands/cmd_led.o
                0x080005a2                CmdLed_Handle
 .text.CmdLock_Handle
                0x0800064c       0x64 ./Core/Commands/cmd_lock.o
                0x0800064c                CmdLock_Handle
 .text.CmdStatus_Handle
                0x080006b0      0x12a ./Core/Commands/cmd_status.o
                0x080006b0                CmdStatus_Handle
 .text.CmdSystem_Handle
                0x080007da       0xbe ./Core/Commands/cmd_system.o
                0x080007da                CmdSystem_Handle
 .text.CmdWeight_Handle
                0x08000898       0xc6 ./Core/Commands/cmd_weight.o
                0x08000898                CmdWeight_Handle
 *fill*         0x0800095e        0x2 
 .text.CommandRegistry_Find
                0x08000960       0x4c ./Core/Commands/command_registry.o
                0x08000960                CommandRegistry_Find
 .text.CommandRegistry_Execute
                0x080009ac       0x84 ./Core/Commands/command_registry.o
                0x080009ac                CommandRegistry_Execute
 .text.DoorDriver_SetLockState
                0x08000a30       0x14 ./Core/Drivers/door_driver.o
                0x08000a30                DoorDriver_SetLockState
 .text.DoorDriver_DriveMotor
                0x08000a44       0x14 ./Core/Drivers/door_driver.o
                0x08000a44                DoorDriver_DriveMotor
 .text.RelayDriver_SetOutput14
                0x08000a58       0x30 ./Core/Drivers/relay_driver.o
                0x08000a58                RelayDriver_SetOutput14
 .text.RelayDriver_SetOutput15
                0x08000a88       0x30 ./Core/Drivers/relay_driver.o
                0x08000a88                RelayDriver_SetOutput15
 .text.SensorDriver_ReadDistance
                0x08000ab8        0xe ./Core/Drivers/sensor_driver.o
                0x08000ab8                SensorDriver_ReadDistance
 .text.SensorDriver_ReadWeight
                0x08000ac6        0xe ./Core/Drivers/sensor_driver.o
                0x08000ac6                SensorDriver_ReadWeight
 .text.SensorDriver_ReadTemperature
                0x08000ad4        0xe ./Core/Drivers/sensor_driver.o
                0x08000ad4                SensorDriver_ReadTemperature
 .text.SensorDriver_ReadHumidity
                0x08000ae2        0xe ./Core/Drivers/sensor_driver.o
                0x08000ae2                SensorDriver_ReadHumidity
 .text.UartDriver_Init
                0x08000af0        0xc ./Core/Drivers/uart_driver.o
                0x08000af0                UartDriver_Init
 .text.UartDriver_StartReception
                0x08000afc       0x1c ./Core/Drivers/uart_driver.o
                0x08000afc                UartDriver_StartReception
 .text.UartDriver_GetWriteIndex
                0x08000b18       0x38 ./Core/Drivers/uart_driver.o
                0x08000b18                UartDriver_GetWriteIndex
 .text.UartDriver_GetRxBuffer
                0x08000b50       0x14 ./Core/Drivers/uart_driver.o
                0x08000b50                UartDriver_GetRxBuffer
 .text.UartDriver_Transmit
                0x08000b64       0x34 ./Core/Drivers/uart_driver.o
                0x08000b64                UartDriver_Transmit
 .text.MachineState_Get
                0x08000b98       0x14 ./Core/Machine/machine_state.o
                0x08000b98                MachineState_Get
 .text.CommandDispatcher_Process
                0x08000bac       0x5e ./Core/Protocol/command_dispatcher.o
                0x08000bac                CommandDispatcher_Process
 *fill*         0x08000c0a        0x2 
 .text.CRC16_Modbus
                0x08000c0c       0x78 ./Core/Protocol/crc16.o
                0x08000c0c                CRC16_Modbus
 .text.FrameDecoder_Init
                0x08000c84       0x2a ./Core/Protocol/frame_decoder.o
                0x08000c84                FrameDecoder_Init
 .text.FrameDecoder_Reset
                0x08000cae       0x30 ./Core/Protocol/frame_decoder.o
                0x08000cae                FrameDecoder_Reset
 .text.FrameDecoder_ProcessTimeout
                0x08000cde       0x3c ./Core/Protocol/frame_decoder.o
                0x08000cde                FrameDecoder_ProcessTimeout
 *fill*         0x08000d1a        0x2 
 .text.FrameDecoder_InputByte
                0x08000d1c      0x1d0 ./Core/Protocol/frame_decoder.o
                0x08000d1c                FrameDecoder_InputByte
 .text.FrameDecoder_InputBuffer
                0x08000eec       0x5e ./Core/Protocol/frame_decoder.o
                0x08000eec                FrameDecoder_InputBuffer
 .text.FrameDecoder_GetFrame
                0x08000f4a       0xcc ./Core/Protocol/frame_decoder.o
                0x08000f4a                FrameDecoder_GetFrame
 *fill*         0x08001016        0x2 
 .text.Packet_Build
                0x08001018      0x124 ./Core/Protocol/packet_builder.o
                0x08001018                Packet_Build
 .text.Packet_VerifyCRC
                0x0800113c      0x114 ./Core/Protocol/packet_validator.o
                0x0800113c                Packet_VerifyCRC
 .text.Packet_Validate
                0x08001250       0x54 ./Core/Protocol/packet_validator.o
                0x08001250                Packet_Validate
 .text.CommunicationService_Init
                0x080012a4       0x38 ./Core/Services/communication_service.o
                0x080012a4                CommunicationService_Init
 .text.CommunicationService_ProcessRx
                0x080012dc       0xbc ./Core/Services/communication_service.o
                0x080012dc                CommunicationService_ProcessRx
 .text.CommunicationService_ProcessQueue
                0x08001398       0x3c ./Core/Services/communication_service.o
                0x08001398                CommunicationService_ProcessQueue
 .text.CommunicationService_SendPacket
                0x080013d4       0x6c ./Core/Services/communication_service.o
                0x080013d4                CommunicationService_SendPacket
 .text.DoorService_Process
                0x08001440       0x4e ./Core/Services/door_service.o
                0x08001440                DoorService_Process
 *fill*         0x0800148e        0x2 
 .text.SensorService_Process
                0x08001490       0x78 ./Core/Services/sensor_service.o
                0x08001490                SensorService_Process
 .text.SystemService_Process
                0x08001508       0xcc ./Core/Services/system_service.o
                0x08001508                SystemService_Process
 .text.main     0x080015d4       0xa8 ./Core/Src/main.o
                0x080015d4                main
 .text.SystemClock_Config
                0x0800167c       0x8a ./Core/Src/main.o
                0x0800167c                SystemClock_Config
 *fill*         0x08001706        0x2 
 .text.MX_TIM3_Init
                0x08001708       0xec ./Core/Src/main.o
 .text.MX_UART5_Init
                0x080017f4       0x54 ./Core/Src/main.o
 .text.MX_USART1_UART_Init
                0x08001848       0x54 ./Core/Src/main.o
 .text.MX_USART2_UART_Init
                0x0800189c       0x54 ./Core/Src/main.o
 .text.MX_USART3_UART_Init
                0x080018f0       0x54 ./Core/Src/main.o
 .text.MX_DMA_Init
                0x08001944       0x4c ./Core/Src/main.o
 .text.MX_GPIO_Init
                0x08001990       0xbc ./Core/Src/main.o
 .text.StartSystemTask
                0x08001a4c       0x1a ./Core/Src/main.o
                0x08001a4c                StartSystemTask
 .text.StartCommunicationTask
                0x08001a66       0x1e ./Core/Src/main.o
                0x08001a66                StartCommunicationTask
 .text.StartSensorTask
                0x08001a84       0x10 ./Core/Src/main.o
                0x08001a84                StartSensorTask
 .text.StartActuatorTask
                0x08001a94       0x10 ./Core/Src/main.o
                0x08001a94                StartActuatorTask
 .text.Error_Handler
                0x08001aa4        0xc ./Core/Src/main.o
                0x08001aa4                Error_Handler
 .text.HAL_MspInit
                0x08001ab0       0x80 ./Core/Src/stm32f1xx_hal_msp.o
                0x08001ab0                HAL_MspInit
 .text.HAL_TIM_Base_MspInit
                0x08001b30       0x4c ./Core/Src/stm32f1xx_hal_msp.o
                0x08001b30                HAL_TIM_Base_MspInit
 .text.HAL_TIM_MspPostInit
                0x08001b7c       0x64 ./Core/Src/stm32f1xx_hal_msp.o
                0x08001b7c                HAL_TIM_MspPostInit
 .text.HAL_UART_MspInit
                0x08001be0      0x308 ./Core/Src/stm32f1xx_hal_msp.o
                0x08001be0                HAL_UART_MspInit
 .text.NMI_Handler
                0x08001ee8        0x8 ./Core/Src/stm32f1xx_it.o
                0x08001ee8                NMI_Handler
 .text.HardFault_Handler
                0x08001ef0        0x8 ./Core/Src/stm32f1xx_it.o
                0x08001ef0                HardFault_Handler
 .text.MemManage_Handler
                0x08001ef8        0x8 ./Core/Src/stm32f1xx_it.o
                0x08001ef8                MemManage_Handler
 .text.BusFault_Handler
                0x08001f00        0x8 ./Core/Src/stm32f1xx_it.o
                0x08001f00                BusFault_Handler
 .text.UsageFault_Handler
                0x08001f08        0x8 ./Core/Src/stm32f1xx_it.o
                0x08001f08                UsageFault_Handler
 .text.DebugMon_Handler
                0x08001f10        0xc ./Core/Src/stm32f1xx_it.o
                0x08001f10                DebugMon_Handler
 .text.SysTick_Handler
                0x08001f1c       0x1a ./Core/Src/stm32f1xx_it.o
                0x08001f1c                SysTick_Handler
 .text.PVD_IRQHandler
                0x08001f36        0xc ./Core/Src/stm32f1xx_it.o
                0x08001f36                PVD_IRQHandler
 *fill*         0x08001f42        0x2 
 .text.DMA1_Channel4_IRQHandler
                0x08001f44       0x14 ./Core/Src/stm32f1xx_it.o
                0x08001f44                DMA1_Channel4_IRQHandler
 .text.DMA1_Channel5_IRQHandler
                0x08001f58       0x14 ./Core/Src/stm32f1xx_it.o
                0x08001f58                DMA1_Channel5_IRQHandler
 .text.TIM3_IRQHandler
                0x08001f6c       0x14 ./Core/Src/stm32f1xx_it.o
                0x08001f6c                TIM3_IRQHandler
 .text.USART1_IRQHandler
                0x08001f80       0x14 ./Core/Src/stm32f1xx_it.o
                0x08001f80                USART1_IRQHandler
 .text.USART2_IRQHandler
                0x08001f94       0x14 ./Core/Src/stm32f1xx_it.o
                0x08001f94                USART2_IRQHandler
 .text.USART3_IRQHandler
                0x08001fa8       0x14 ./Core/Src/stm32f1xx_it.o
                0x08001fa8                USART3_IRQHandler
 .text.UART5_IRQHandler
                0x08001fbc       0x14 ./Core/Src/stm32f1xx_it.o
                0x08001fbc                UART5_IRQHandler
 .text._getpid  0x08001fd0        0xe ./Core/Src/syscalls.o
                0x08001fd0                _getpid
 .text._kill    0x08001fde       0x20 ./Core/Src/syscalls.o
                0x08001fde                _kill
 .text._exit    0x08001ffe       0x16 ./Core/Src/syscalls.o
                0x08001ffe                _exit
 .text._read    0x08002014       0x3a ./Core/Src/syscalls.o
                0x08002014                _read
 .text._write   0x0800204e       0x38 ./Core/Src/syscalls.o
                0x0800204e                _write
 .text._close   0x08002086       0x16 ./Core/Src/syscalls.o
                0x08002086                _close
 .text._fstat   0x0800209c       0x1e ./Core/Src/syscalls.o
                0x0800209c                _fstat
 .text._isatty  0x080020ba       0x14 ./Core/Src/syscalls.o
                0x080020ba                _isatty
 .text._lseek   0x080020ce       0x18 ./Core/Src/syscalls.o
                0x080020ce                _lseek
 *fill*         0x080020e6        0x2 
 .text._sbrk    0x080020e8       0x6c ./Core/Src/sysmem.o
                0x080020e8                _sbrk
 .text.SystemInit
                0x08002154        0xc ./Core/Src/system_stm32f1xx.o
                0x08002154                SystemInit
 .text.Reset_Handler
                0x08002160       0x48 ./Core/Startup/startup_stm32f103retx.o
                0x08002160                Reset_Handler
 .text.Default_Handler
                0x080021a8        0x2 ./Core/Startup/startup_stm32f103retx.o
                0x080021a8                RTC_Alarm_IRQHandler
                0x080021a8                EXTI2_IRQHandler
                0x080021a8                TIM8_TRG_COM_IRQHandler
                0x080021a8                TIM8_CC_IRQHandler
                0x080021a8                TIM1_CC_IRQHandler
                0x080021a8                TIM6_IRQHandler
                0x080021a8                SDIO_IRQHandler
                0x080021a8                EXTI3_IRQHandler
                0x080021a8                EXTI0_IRQHandler
                0x080021a8                I2C2_EV_IRQHandler
                0x080021a8                ADC1_2_IRQHandler
                0x080021a8                SPI1_IRQHandler
                0x080021a8                TAMPER_IRQHandler
                0x080021a8                TIM8_UP_IRQHandler
                0x080021a8                DMA2_Channel2_IRQHandler
                0x080021a8                RTC_IRQHandler
                0x080021a8                DMA1_Channel7_IRQHandler
                0x080021a8                CAN1_RX1_IRQHandler
                0x080021a8                ADC3_IRQHandler
                0x080021a8                TIM4_IRQHandler
                0x080021a8                DMA2_Channel1_IRQHandler
                0x080021a8                I2C1_EV_IRQHandler
                0x080021a8                DMA1_Channel6_IRQHandler
                0x080021a8                UART4_IRQHandler
                0x080021a8                RCC_IRQHandler
                0x080021a8                TIM1_TRG_COM_IRQHandler
                0x080021a8                DMA1_Channel1_IRQHandler
                0x080021a8                Default_Handler
                0x080021a8                EXTI15_10_IRQHandler
                0x080021a8                TIM7_IRQHandler
                0x080021a8                TIM5_IRQHandler
                0x080021a8                EXTI9_5_IRQHandler
                0x080021a8                SPI2_IRQHandler
                0x080021a8                EXTI4_IRQHandler
                0x080021a8                USB_LP_CAN1_RX0_IRQHandler
                0x080021a8                USB_HP_CAN1_TX_IRQHandler
                0x080021a8                DMA1_Channel3_IRQHandler
                0x080021a8                FSMC_IRQHandler
                0x080021a8                TIM1_UP_IRQHandler
                0x080021a8                WWDG_IRQHandler
                0x080021a8                TIM2_IRQHandler
                0x080021a8                TIM1_BRK_IRQHandler
                0x080021a8                EXTI1_IRQHandler
                0x080021a8                DMA2_Channel4_5_IRQHandler
                0x080021a8                I2C2_ER_IRQHandler
                0x080021a8                DMA1_Channel2_IRQHandler
                0x080021a8                TIM8_BRK_IRQHandler
                0x080021a8                CAN1_SCE_IRQHandler
                0x080021a8                FLASH_IRQHandler
                0x080021a8                SPI3_IRQHandler
                0x080021a8                I2C1_ER_IRQHandler
                0x080021a8                USBWakeUp_IRQHandler
                0x080021a8                DMA2_Channel3_IRQHandler
 *fill*         0x080021aa        0x2 
 .text.FlashManager_ReadConfig
                0x080021ac       0x40 ./Core/Storage/flash_manager.o
                0x080021ac                FlashManager_ReadConfig
 .text.FlashManager_WriteConfig
                0x080021ec       0xa8 ./Core/Storage/flash_manager.o
                0x080021ec                FlashManager_WriteConfig
 .text.FlashManager_RestoreDefaults
                0x08002294       0x3c ./Core/Storage/flash_manager.o
                0x08002294                FlashManager_RestoreDefaults
 .text.CRC16_Test
                0x080022d0       0x8c ./Core/Tests/Protocol/crc16_test.o
                0x080022d0                CRC16_Test
 .text.Packet_Test
                0x0800235c      0x9e8 ./Core/Tests/Protocol/packet_test.o
                0x0800235c                Packet_Test
 .text.HAL_Init
                0x08002d44       0x2c ./Drivers/STM32F1xx_HAL_Driver/Src/stm32f1xx_hal.o
                0x08002d44                HAL_Init
 .text.HAL_InitTick
                0x08002d70       0x60 ./Drivers/STM32F1xx_HAL_Driver/Src/stm32f1xx_hal.o
                0x08002d70                HAL_InitTick
 .text.HAL_IncTick
                0x08002dd0       0x24 ./Drivers/STM32F1xx_HAL_Driver/Src/stm32f1xx_hal.o
                0x08002dd0                HAL_IncTick
 .text.HAL_GetTick
                0x08002df4       0x14 ./Drivers/STM32F1xx_HAL_Driver/Src/stm32f1xx_hal.o
                0x08002df4                HAL_GetTick
 .text.__NVIC_SetPriorityGrouping
                0x08002e08       0x48 ./Drivers/STM32F1xx_HAL_Driver/Src/stm32f1xx_hal_cortex.o
 .text.__NVIC_GetPriorityGrouping
                0x08002e50       0x1c ./Drivers/STM32F1xx_HAL_Driver/Src/stm32f1xx_hal_cortex.o
 .text.__NVIC_EnableIRQ
                0x08002e6c       0x38 ./Drivers/STM32F1xx_HAL_Driver/Src/stm32f1xx_hal_cortex.o
 .text.__NVIC_SetPriority
                0x08002ea4       0x54 ./Drivers/STM32F1xx_HAL_Driver/Src/stm32f1xx_hal_cortex.o
 .text.NVIC_EncodePriority
                0x08002ef8       0x64 ./Drivers/STM32F1xx_HAL_Driver/Src/stm32f1xx_hal_cortex.o
 .text.SysTick_Config
                0x08002f5c       0x44 ./Drivers/STM32F1xx_HAL_Driver/Src/stm32f1xx_hal_cortex.o
 .text.HAL_NVIC_SetPriorityGrouping
                0x08002fa0       0x16 ./Drivers/STM32F1xx_HAL_Driver/Src/stm32f1xx_hal_cortex.o
                0x08002fa0                HAL_NVIC_SetPriorityGrouping
 .text.HAL_NVIC_SetPriority
                0x08002fb6       0x38 ./Drivers/STM32F1xx_HAL_Driver/Src/stm32f1xx_hal_cortex.o
                0x08002fb6                HAL_NVIC_SetPriority
 .text.HAL_NVIC_EnableIRQ
                0x08002fee       0x1c ./Drivers/STM32F1xx_HAL_Driver/Src/stm32f1xx_hal_cortex.o
                0x08002fee                HAL_NVIC_EnableIRQ
 .text.HAL_SYSTICK_Config
                0x0800300a       0x18 ./Drivers/STM32F1xx_HAL_Driver/Src/stm32f1xx_hal_cortex.o
                0x0800300a                HAL_SYSTICK_Config
 *fill*         0x08003022        0x2 
 .text.HAL_DMA_Init
                0x08003024       0xec ./Drivers/STM32F1xx_HAL_Driver/Src/stm32f1xx_hal_dma.o
                0x08003024                HAL_DMA_Init
 .text.HAL_DMA_Start_IT
                0x08003110       0xc0 ./Drivers/STM32F1xx_HAL_Driver/Src/stm32f1xx_hal_dma.o
                0x08003110                HAL_DMA_Start_IT
 .text.HAL_DMA_Abort
                0x080031d0       0x76 ./Drivers/STM32F1xx_HAL_Driver/Src/stm32f1xx_hal_dma.o
                0x080031d0                HAL_DMA_Abort
 *fill*         0x08003246        0x2 
 .text.HAL_DMA_Abort_IT
                0x08003248      0x210 ./Drivers/STM32F1xx_HAL_Driver/Src/stm32f1xx_hal_dma.o
                0x08003248                HAL_DMA_Abort_IT
 .text.HAL_DMA_IRQHandler
                0x08003458      0x478 ./Drivers/STM32F1xx_HAL_Driver/Src/stm32f1xx_hal_dma.o
                0x08003458                HAL_DMA_IRQHandler
 .text.DMA_SetConfig
                0x080038d0       0x5a ./Drivers/STM32F1xx_HAL_Driver/Src/stm32f1xx_hal_dma.o
 *fill*         0x0800392a        0x2 
 .text.HAL_FLASH_Program
                0x0800392c       0xe0 ./Drivers/STM32F1xx_HAL_Driver/Src/stm32f1xx_hal_flash.o
                0x0800392c                HAL_FLASH_Program
 .text.HAL_FLASH_Unlock
                0x08003a0c       0x4c ./Drivers/STM32F1xx_HAL_Driver/Src/stm32f1xx_hal_flash.o
                0x08003a0c                HAL_FLASH_Unlock
 .text.HAL_FLASH_Lock
                0x08003a58       0x20 ./Drivers/STM32F1xx_HAL_Driver/Src/stm32f1xx_hal_flash.o
                0x08003a58                HAL_FLASH_Lock
 .text.FLASH_Program_HalfWord
                0x08003a78       0x38 ./Drivers/STM32F1xx_HAL_Driver/Src/stm32f1xx_hal_flash.o
 .text.FLASH_WaitForLastOperation
                0x08003ab0       0x8c ./Drivers/STM32F1xx_HAL_Driver/Src/stm32f1xx_hal_flash.o
                0x08003ab0                FLASH_WaitForLastOperation
 .text.FLASH_SetErrorCode
                0x08003b3c       0xa0 ./Drivers/STM32F1xx_HAL_Driver/Src/stm32f1xx_hal_flash.o
 .text.HAL_FLASHEx_Erase
                0x08003bdc       0xd8 ./Drivers/STM32F1xx_HAL_Driver/Src/stm32f1xx_hal_flash_ex.o
                0x08003bdc                HAL_FLASHEx_Erase
 .text.FLASH_MassErase
                0x08003cb4       0x38 ./Drivers/STM32F1xx_HAL_Driver/Src/stm32f1xx_hal_flash_ex.o
 .text.FLASH_PageErase
                0x08003cec       0x40 ./Drivers/STM32F1xx_HAL_Driver/Src/stm32f1xx_hal_flash_ex.o
                0x08003cec                FLASH_PageErase
 .text.HAL_GPIO_Init
                0x08003d2c      0x328 ./Drivers/STM32F1xx_HAL_Driver/Src/stm32f1xx_hal_gpio.o
                0x08003d2c                HAL_GPIO_Init
 .text.HAL_GPIO_WritePin
                0x08004054       0x30 ./Drivers/STM32F1xx_HAL_Driver/Src/stm32f1xx_hal_gpio.o
                0x08004054                HAL_GPIO_WritePin
 .text.HAL_PWR_PVD_IRQHandler
                0x08004084       0x24 ./Drivers/STM32F1xx_HAL_Driver/Src/stm32f1xx_hal_pwr.o
                0x08004084                HAL_PWR_PVD_IRQHandler
 .text.HAL_PWR_PVDCallback
                0x080040a8        0xc ./Drivers/STM32F1xx_HAL_Driver/Src/stm32f1xx_hal_pwr.o
                0x080040a8                HAL_PWR_PVDCallback
 .text.HAL_RCC_OscConfig
                0x080040b4      0x504 ./Drivers/STM32F1xx_HAL_Driver/Src/stm32f1xx_hal_rcc.o
                0x080040b4                HAL_RCC_OscConfig
 .text.HAL_RCC_ClockConfig
                0x080045b8      0x1d4 ./Drivers/STM32F1xx_HAL_Driver/Src/stm32f1xx_hal_rcc.o
                0x080045b8                HAL_RCC_ClockConfig
 .text.HAL_RCC_GetSysClockFreq
                0x0800478c       0xa8 ./Drivers/STM32F1xx_HAL_Driver/Src/stm32f1xx_hal_rcc.o
                0x0800478c                HAL_RCC_GetSysClockFreq
 .text.HAL_RCC_GetHCLKFreq
                0x08004834       0x14 ./Drivers/STM32F1xx_HAL_Driver/Src/stm32f1xx_hal_rcc.o
                0x08004834                HAL_RCC_GetHCLKFreq
 .text.HAL_RCC_GetPCLK1Freq
                0x08004848       0x28 ./Drivers/STM32F1xx_HAL_Driver/Src/stm32f1xx_hal_rcc.o
                0x08004848                HAL_RCC_GetPCLK1Freq
 .text.HAL_RCC_GetPCLK2Freq
                0x08004870       0x28 ./Drivers/STM32F1xx_HAL_Driver/Src/stm32f1xx_hal_rcc.o
                0x08004870                HAL_RCC_GetPCLK2Freq
 .text.RCC_Delay
                0x08004898       0x3c ./Drivers/STM32F1xx_HAL_Driver/Src/stm32f1xx_hal_rcc.o
 .text.HAL_TIM_Base_Init
                0x080048d4       0x9e ./Drivers/STM32F1xx_HAL_Driver/Src/stm32f1xx_hal_tim.o
                0x080048d4                HAL_TIM_Base_Init
 .text.HAL_TIM_PWM_Init
                0x08004972       0x9e ./Drivers/STM32F1xx_HAL_Driver/Src/stm32f1xx_hal_tim.o
                0x08004972                HAL_TIM_PWM_Init
 .text.HAL_TIM_PWM_MspInit
                0x08004a10       0x12 ./Drivers/STM32F1xx_HAL_Driver/Src/stm32f1xx_hal_tim.o
                0x08004a10                HAL_TIM_PWM_MspInit
 .text.HAL_TIM_IRQHandler
                0x08004a22      0x1e0 ./Drivers/STM32F1xx_HAL_Driver/Src/stm32f1xx_hal_tim.o
                0x08004a22                HAL_TIM_IRQHandler
 *fill*         0x08004c02        0x2 
 .text.HAL_TIM_PWM_ConfigChannel
                0x08004c04      0x184 ./Drivers/STM32F1xx_HAL_Driver/Src/stm32f1xx_hal_tim.o
                0x08004c04                HAL_TIM_PWM_ConfigChannel
 .text.HAL_TIM_ConfigClockSource
                0x08004d88      0x18e ./Drivers/STM32F1xx_HAL_Driver/Src/stm32f1xx_hal_tim.o
                0x08004d88                HAL_TIM_ConfigClockSource
 .text.HAL_TIM_PeriodElapsedCallback
                0x08004f16       0x12 ./Drivers/STM32F1xx_HAL_Driver/Src/stm32f1xx_hal_tim.o
                0x08004f16                HAL_TIM_PeriodElapsedCallback
 .text.HAL_TIM_OC_DelayElapsedCallback
                0x08004f28       0x12 ./Drivers/STM32F1xx_HAL_Driver/Src/stm32f1xx_hal_tim.o
                0x08004f28                HAL_TIM_OC_DelayElapsedCallback
 .text.HAL_TIM_IC_CaptureCallback
                0x08004f3a       0x12 ./Drivers/STM32F1xx_HAL_Driver/Src/stm32f1xx_hal_tim.o
                0x08004f3a                HAL_TIM_IC_CaptureCallback
 .text.HAL_TIM_PWM_PulseFinishedCallback
                0x08004f4c       0x12 ./Drivers/STM32F1xx_HAL_Driver/Src/stm32f1xx_hal_tim.o
                0x08004f4c                HAL_TIM_PWM_PulseFinishedCallback
 .text.HAL_TIM_TriggerCallback
                0x08004f5e       0x12 ./Drivers/STM32F1xx_HAL_Driver/Src/stm32f1xx_hal_tim.o
                0x08004f5e                HAL_TIM_TriggerCallback
 .text.TIM_Base_SetConfig
                0x08004f70      0x10c ./Drivers/STM32F1xx_HAL_Driver/Src/stm32f1xx_hal_tim.o
                0x08004f70                TIM_Base_SetConfig
 .text.TIM_OC1_SetConfig
                0x0800507c       0xe0 ./Drivers/STM32F1xx_HAL_Driver/Src/stm32f1xx_hal_tim.o
 .text.TIM_OC2_SetConfig
                0x0800515c       0xe8 ./Drivers/STM32F1xx_HAL_Driver/Src/stm32f1xx_hal_tim.o
                0x0800515c                TIM_OC2_SetConfig
 .text.TIM_OC3_SetConfig
                0x08005244       0xe8 ./Drivers/STM32F1xx_HAL_Driver/Src/stm32f1xx_hal_tim.o
 .text.TIM_OC4_SetConfig
                0x0800532c       0xa8 ./Drivers/STM32F1xx_HAL_Driver/Src/stm32f1xx_hal_tim.o
 .text.TIM_TI1_ConfigInputStage
                0x080053d4       0x5c ./Drivers/STM32F1xx_HAL_Driver/Src/stm32f1xx_hal_tim.o
 .text.TIM_TI2_ConfigInputStage
                0x08005430       0x5e ./Drivers/STM32F1xx_HAL_Driver/Src/stm32f1xx_hal_tim.o
 .text.TIM_ITRx_SetConfig
                0x0800548e       0x34 ./Drivers/STM32F1xx_HAL_Driver/Src/stm32f1xx_hal_tim.o
 .text.TIM_ETR_SetConfig
                0x080054c2       0x3e ./Drivers/STM32F1xx_HAL_Driver/Src/stm32f1xx_hal_tim.o
                0x080054c2                TIM_ETR_SetConfig
 .text.HAL_TIMEx_MasterConfigSynchronization
                0x08005500       0xd8 ./Drivers/STM32F1xx_HAL_Driver/Src/stm32f1xx_hal_tim_ex.o
                0x08005500                HAL_TIMEx_MasterConfigSynchronization
 .text.HAL_TIMEx_CommutCallback
                0x080055d8       0x12 ./Drivers/STM32F1xx_HAL_Driver/Src/stm32f1xx_hal_tim_ex.o
                0x080055d8                HAL_TIMEx_CommutCallback
 .text.HAL_TIMEx_BreakCallback
                0x080055ea       0x12 ./Drivers/STM32F1xx_HAL_Driver/Src/stm32f1xx_hal_tim_ex.o
                0x080055ea                HAL_TIMEx_BreakCallback
 .text.HAL_UART_Init
                0x080055fc       0xa0 ./Drivers/STM32F1xx_HAL_Driver/Src/stm32f1xx_hal_uart.o
                0x080055fc                HAL_UART_Init
 .text.HAL_UART_Transmit
                0x0800569c      0x116 ./Drivers/STM32F1xx_HAL_Driver/Src/stm32f1xx_hal_uart.o
                0x0800569c                HAL_UART_Transmit
 .text.HAL_UART_Receive_DMA
                0x080057b2       0x4a ./Drivers/STM32F1xx_HAL_Driver/Src/stm32f1xx_hal_uart.o
                0x080057b2                HAL_UART_Receive_DMA
 .text.HAL_UART_IRQHandler
                0x080057fc      0x524 ./Drivers/STM32F1xx_HAL_Driver/Src/stm32f1xx_hal_uart.o
                0x080057fc                HAL_UART_IRQHandler
 .text.HAL_UART_TxCpltCallback
                0x08005d20       0x12 ./Drivers/STM32F1xx_HAL_Driver/Src/stm32f1xx_hal_uart.o
                0x08005d20                HAL_UART_TxCpltCallback
 .text.HAL_UART_RxCpltCallback
                0x08005d32       0x12 ./Drivers/STM32F1xx_HAL_Driver/Src/stm32f1xx_hal_uart.o
                0x08005d32                HAL_UART_RxCpltCallback
 .text.HAL_UART_RxHalfCpltCallback
                0x08005d44       0x12 ./Drivers/STM32F1xx_HAL_Driver/Src/stm32f1xx_hal_uart.o
                0x08005d44                HAL_UART_RxHalfCpltCallback
 .text.HAL_UART_ErrorCallback
                0x08005d56       0x12 ./Drivers/STM32F1xx_HAL_Driver/Src/stm32f1xx_hal_uart.o
                0x08005d56                HAL_UART_ErrorCallback
 .text.HAL_UARTEx_RxEventCallback
                0x08005d68       0x16 ./Drivers/STM32F1xx_HAL_Driver/Src/stm32f1xx_hal_uart.o
                0x08005d68                HAL_UARTEx_RxEventCallback
 .text.UART_DMAReceiveCplt
                0x08005d7e      0x12c ./Drivers/STM32F1xx_HAL_Driver/Src/stm32f1xx_hal_uart.o
 .text.UART_DMARxHalfCplt
                0x08005eaa       0x3c ./Drivers/STM32F1xx_HAL_Driver/Src/stm32f1xx_hal_uart.o
 .text.UART_DMAError
                0x08005ee6       0x94 ./Drivers/STM32F1xx_HAL_Driver/Src/stm32f1xx_hal_uart.o
 .text.UART_WaitOnFlagUntilTimeout
                0x08005f7a       0xb2 ./Drivers/STM32F1xx_HAL_Driver/Src/stm32f1xx_hal_uart.o
 .text.UART_Start_Receive_DMA
                0x0800602c      0x134 ./Drivers/STM32F1xx_HAL_Driver/Src/stm32f1xx_hal_uart.o
                0x0800602c                UART_Start_Receive_DMA
 .text.UART_EndTxTransfer
                0x08006160       0x4e ./Drivers/STM32F1xx_HAL_Driver/Src/stm32f1xx_hal_uart.o
 .text.UART_EndRxTransfer
                0x080061ae       0xc4 ./Drivers/STM32F1xx_HAL_Driver/Src/stm32f1xx_hal_uart.o
 .text.UART_DMAAbortOnError
                0x08006272       0x28 ./Drivers/STM32F1xx_HAL_Driver/Src/stm32f1xx_hal_uart.o
 .text.UART_Transmit_IT
                0x0800629a       0x9e ./Drivers/STM32F1xx_HAL_Driver/Src/stm32f1xx_hal_uart.o
 .text.UART_EndTransmit_IT
                0x08006338       0x30 ./Drivers/STM32F1xx_HAL_Driver/Src/stm32f1xx_hal_uart.o
 .text.UART_Receive_IT
                0x08006368      0x17c ./Drivers/STM32F1xx_HAL_Driver/Src/stm32f1xx_hal_uart.o
 .text.UART_SetConfig
                0x080064e4      0x11c ./Drivers/STM32F1xx_HAL_Driver/Src/stm32f1xx_hal_uart.o
 .text.__NVIC_SetPriority
                0x08006600       0x54 ./Middlewares/Third_Party/FreeRTOS/Source/CMSIS_RTOS_V2/cmsis_os2.o
 .text.SVC_Setup
                0x08006654       0x12 ./Middlewares/Third_Party/FreeRTOS/Source/CMSIS_RTOS_V2/cmsis_os2.o
 *fill*         0x08006666        0x2 
 .text.osKernelInitialize
                0x08006668       0x44 ./Middlewares/Third_Party/FreeRTOS/Source/CMSIS_RTOS_V2/cmsis_os2.o
                0x08006668                osKernelInitialize
 .text.osKernelStart
                0x080066ac       0x4c ./Middlewares/Third_Party/FreeRTOS/Source/CMSIS_RTOS_V2/cmsis_os2.o
                0x080066ac                osKernelStart
 .text.osThreadNew
                0x080066f8      0x124 ./Middlewares/Third_Party/FreeRTOS/Source/CMSIS_RTOS_V2/cmsis_os2.o
                0x080066f8                osThreadNew
 .text.osDelay  0x0800681c       0x36 ./Middlewares/Third_Party/FreeRTOS/Source/CMSIS_RTOS_V2/cmsis_os2.o
                0x0800681c                osDelay
 .text.osMessageQueueNew
                0x08006852       0xe6 ./Middlewares/Third_Party/FreeRTOS/Source/CMSIS_RTOS_V2/cmsis_os2.o
                0x08006852                osMessageQueueNew
 .text.osMessageQueuePut
                0x08006938       0xc0 ./Middlewares/Third_Party/FreeRTOS/Source/CMSIS_RTOS_V2/cmsis_os2.o
                0x08006938                osMessageQueuePut
 .text.osMessageQueueGet
                0x080069f8       0xbc ./Middlewares/Third_Party/FreeRTOS/Source/CMSIS_RTOS_V2/cmsis_os2.o
                0x080069f8                osMessageQueueGet
 .text.vApplicationGetIdleTaskMemory
                0x08006ab4       0x30 ./Middlewares/Third_Party/FreeRTOS/Source/CMSIS_RTOS_V2/cmsis_os2.o
                0x08006ab4                vApplicationGetIdleTaskMemory
 .text.vApplicationGetTimerTaskMemory
                0x08006ae4       0x34 ./Middlewares/Third_Party/FreeRTOS/Source/CMSIS_RTOS_V2/cmsis_os2.o
                0x08006ae4                vApplicationGetTimerTaskMemory
 .text.vListInitialise
                0x08006b18       0x3e ./Middlewares/Third_Party/FreeRTOS/Source/list.o
                0x08006b18                vListInitialise
 .text.vListInitialiseItem
                0x08006b56       0x18 ./Middlewares/Third_Party/FreeRTOS/Source/list.o
                0x08006b56                vListInitialiseItem
 .text.vListInsertEnd
                0x08006b6e       0x46 ./Middlewares/Third_Party/FreeRTOS/Source/list.o
                0x08006b6e                vListInsertEnd
 .text.vListInsert
                0x08006bb4       0x70 ./Middlewares/Third_Party/FreeRTOS/Source/list.o
                0x08006bb4                vListInsert
 .text.uxListRemove
                0x08006c24       0x52 ./Middlewares/Third_Party/FreeRTOS/Source/list.o
                0x08006c24                uxListRemove
 *fill*         0x08006c76        0x2 
 .text.xQueueGenericReset
                0x08006c78       0xd4 ./Middlewares/Third_Party/FreeRTOS/Source/queue.o
                0x08006c78                xQueueGenericReset
 .text.xQueueGenericCreateStatic
                0x08006d4c       0xfa ./Middlewares/Third_Party/FreeRTOS/Source/queue.o
                0x08006d4c                xQueueGenericCreateStatic
 .text.xQueueGenericCreate
                0x08006e46       0x76 ./Middlewares/Third_Party/FreeRTOS/Source/queue.o
                0x08006e46                xQueueGenericCreate
 .text.prvInitialiseNewQueue
                0x08006ebc       0x46 ./Middlewares/Third_Party/FreeRTOS/Source/queue.o
 *fill*         0x08006f02        0x2 
 .text.xQueueGenericSend
                0x08006f04      0x204 ./Middlewares/Third_Party/FreeRTOS/Source/queue.o
                0x08006f04                xQueueGenericSend
 .text.xQueueGenericSendFromISR
                0x08007108      0x13c ./Middlewares/Third_Party/FreeRTOS/Source/queue.o
                0x08007108                xQueueGenericSendFromISR
 .text.xQueueReceive
                0x08007244      0x1c4 ./Middlewares/Third_Party/FreeRTOS/Source/queue.o
                0x08007244                xQueueReceive
 .text.xQueueReceiveFromISR
                0x08007408      0x104 ./Middlewares/Third_Party/FreeRTOS/Source/queue.o
                0x08007408                xQueueReceiveFromISR
 .text.prvCopyDataToQueue
                0x0800750c       0xd4 ./Middlewares/Third_Party/FreeRTOS/Source/queue.o
 .text.prvCopyDataFromQueue
                0x080075e0       0x4c ./Middlewares/Third_Party/FreeRTOS/Source/queue.o
 .text.prvUnlockQueue
                0x0800762c       0xa4 ./Middlewares/Third_Party/FreeRTOS/Source/queue.o
 .text.prvIsQueueEmpty
                0x080076d0       0x2c ./Middlewares/Third_Party/FreeRTOS/Source/queue.o
 .text.prvIsQueueFull
                0x080076fc       0x30 ./Middlewares/Third_Party/FreeRTOS/Source/queue.o
 .text.vQueueAddToRegistry
                0x0800772c       0x50 ./Middlewares/Third_Party/FreeRTOS/Source/queue.o
                0x0800772c                vQueueAddToRegistry
 .text.vQueueWaitForMessageRestricted
                0x0800777c       0x68 ./Middlewares/Third_Party/FreeRTOS/Source/queue.o
                0x0800777c                vQueueWaitForMessageRestricted
 .text.xTaskCreateStatic
                0x080077e4       0xc0 ./Middlewares/Third_Party/FreeRTOS/Source/tasks.o
                0x080077e4                xTaskCreateStatic
 .text.xTaskCreate
                0x080078a4       0x8a ./Middlewares/Third_Party/FreeRTOS/Source/tasks.o
                0x080078a4                xTaskCreate
 .text.prvInitialiseNewTask
                0x0800792e      0x120 ./Middlewares/Third_Party/FreeRTOS/Source/tasks.o
 *fill*         0x08007a4e        0x2 
 .text.prvAddNewTaskToReadyList
                0x08007a50       0xe0 ./Middlewares/Third_Party/FreeRTOS/Source/tasks.o
 .text.vTaskDelay
                0x08007b30       0x6c ./Middlewares/Third_Party/FreeRTOS/Source/tasks.o
                0x08007b30                vTaskDelay
 .text.vTaskStartScheduler
                0x08007b9c       0xd0 ./Middlewares/Third_Party/FreeRTOS/Source/tasks.o
                0x08007b9c                vTaskStartScheduler
 .text.vTaskSuspendAll
                0x08007c6c       0x1c ./Middlewares/Third_Party/FreeRTOS/Source/tasks.o
                0x08007c6c                vTaskSuspendAll
 .text.xTaskResumeAll
                0x08007c88      0x13c ./Middlewares/Third_Party/FreeRTOS/Source/tasks.o
                0x08007c88                xTaskResumeAll
 .text.xTaskGetTickCount
                0x08007dc4       0x1c ./Middlewares/Third_Party/FreeRTOS/Source/tasks.o
                0x08007dc4                xTaskGetTickCount
 .text.xTaskIncrementTick
                0x08007de0      0x174 ./Middlewares/Third_Party/FreeRTOS/Source/tasks.o
                0x08007de0                xTaskIncrementTick
 .text.vTaskSwitchContext
                0x08007f54       0xbc ./Middlewares/Third_Party/FreeRTOS/Source/tasks.o
                0x08007f54                vTaskSwitchContext
 .text.vTaskPlaceOnEventList
                0x08008010       0x4c ./Middlewares/Third_Party/FreeRTOS/Source/tasks.o
                0x08008010                vTaskPlaceOnEventList
 .text.vTaskPlaceOnEventListRestricted
                0x0800805c       0x58 ./Middlewares/Third_Party/FreeRTOS/Source/tasks.o
                0x0800805c                vTaskPlaceOnEventListRestricted
 .text.xTaskRemoveFromEventList
                0x080080b4       0xc8 ./Middlewares/Third_Party/FreeRTOS/Source/tasks.o
                0x080080b4                xTaskRemoveFromEventList
 .text.vTaskInternalSetTimeOutState
                0x0800817c       0x2c ./Middlewares/Third_Party/FreeRTOS/Source/tasks.o
                0x0800817c                vTaskInternalSetTimeOutState
 .text.xTaskCheckForTimeOut
                0x080081a8       0xc8 ./Middlewares/Third_Party/FreeRTOS/Source/tasks.o
                0x080081a8                xTaskCheckForTimeOut
 .text.vTaskMissedYield
                0x08008270       0x18 ./Middlewares/Third_Party/FreeRTOS/Source/tasks.o
                0x08008270                vTaskMissedYield
 .text.prvIdleTask
                0x08008288       0x30 ./Middlewares/Third_Party/FreeRTOS/Source/tasks.o
 .text.prvInitialiseTaskLists
                0x080082b8       0x80 ./Middlewares/Third_Party/FreeRTOS/Source/tasks.o
 .text.prvCheckTasksWaitingTermination
                0x08008338       0x5c ./Middlewares/Third_Party/FreeRTOS/Source/tasks.o
 .text.prvTaskCheckFreeStackSpace
                0x08008394       0x36 ./Middlewares/Third_Party/FreeRTOS/Source/tasks.o
 *fill*         0x080083ca        0x2 
 .text.uxTaskGetStackHighWaterMark
                0x080083cc       0x38 ./Middlewares/Third_Party/FreeRTOS/Source/tasks.o
                0x080083cc                uxTaskGetStackHighWaterMark
 .text.prvDeleteTCB
                0x08008404       0x60 ./Middlewares/Third_Party/FreeRTOS/Source/tasks.o
 .text.prvResetNextTaskUnblockTime
                0x08008464       0x40 ./Middlewares/Third_Party/FreeRTOS/Source/tasks.o
 .text.xTaskGetSchedulerState
                0x080084a4       0x3c ./Middlewares/Third_Party/FreeRTOS/Source/tasks.o
                0x080084a4                xTaskGetSchedulerState
 .text.xTaskPriorityDisinherit
                0x080084e0       0xe0 ./Middlewares/Third_Party/FreeRTOS/Source/tasks.o
                0x080084e0                xTaskPriorityDisinherit
 .text.prvAddCurrentTaskToDelayedList
                0x080085c0       0xa8 ./Middlewares/Third_Party/FreeRTOS/Source/tasks.o
 .text.xTimerCreateTimerTask
                0x08008668       0x94 ./Middlewares/Third_Party/FreeRTOS/Source/timers.o
                0x08008668                xTimerCreateTimerTask
 .text.xTimerGenericCommand
                0x080086fc       0x9c ./Middlewares/Third_Party/FreeRTOS/Source/timers.o
                0x080086fc                xTimerGenericCommand
 .text.prvProcessExpiredTimer
                0x08008798       0x9c ./Middlewares/Third_Party/FreeRTOS/Source/timers.o
 .text.prvTimerTask
                0x08008834       0x26 ./Middlewares/Third_Party/FreeRTOS/Source/timers.o
 *fill*         0x0800885a        0x2 
 .text.prvProcessTimerOrBlockTask
                0x0800885c       0x9c ./Middlewares/Third_Party/FreeRTOS/Source/timers.o
 .text.prvGetNextExpireTime
                0x080088f8       0x44 ./Middlewares/Third_Party/FreeRTOS/Source/timers.o
 .text.prvSampleTimeNow
                0x0800893c       0x40 ./Middlewares/Third_Party/FreeRTOS/Source/timers.o
 .text.prvInsertTimerInActiveList
                0x0800897c       0x84 ./Middlewares/Third_Party/FreeRTOS/Source/timers.o
 .text.prvProcessReceivedCommands
                0x08008a00      0x1cc ./Middlewares/Third_Party/FreeRTOS/Source/timers.o
 .text.prvSwitchTimerLists
                0x08008bcc       0xcc ./Middlewares/Third_Party/FreeRTOS/Source/timers.o
 .text.prvCheckForValidListAndQueue
                0x08008c98       0x80 ./Middlewares/Third_Party/FreeRTOS/Source/timers.o
 .text.pxPortInitialiseStack
                0x08008d18       0x58 ./Middlewares/Third_Party/FreeRTOS/Source/portable/GCC/ARM_CM3/port.o
                0x08008d18                pxPortInitialiseStack
 .text.prvTaskExitError
                0x08008d70       0x58 ./Middlewares/Third_Party/FreeRTOS/Source/portable/GCC/ARM_CM3/port.o
 *fill*         0x08008dc8        0x8 
 .text.SVC_Handler
                0x08008dd0       0x28 ./Middlewares/Third_Party/FreeRTOS/Source/portable/GCC/ARM_CM3/port.o
                0x08008dd0                SVC_Handler
 .text.prvPortStartFirstTask
                0x08008df8       0x20 ./Middlewares/Third_Party/FreeRTOS/Source/portable/GCC/ARM_CM3/port.o
 .text.xPortStartScheduler
                0x08008e18       0xe4 ./Middlewares/Third_Party/FreeRTOS/Source/portable/GCC/ARM_CM3/port.o
                0x08008e18                xPortStartScheduler
 .text.vPortEnterCritical
                0x08008efc       0x60 ./Middlewares/Third_Party/FreeRTOS/Source/portable/GCC/ARM_CM3/port.o
                0x08008efc                vPortEnterCritical
 .text.vPortExitCritical
                0x08008f5c       0x54 ./Middlewares/Third_Party/FreeRTOS/Source/portable/GCC/ARM_CM3/port.o
                0x08008f5c                vPortExitCritical
 .text.PendSV_Handler
                0x08008fb0       0x48 ./Middlewares/Third_Party/FreeRTOS/Source/portable/GCC/ARM_CM3/port.o
                0x08008fb0                PendSV_Handler
 .text.xPortSysTickHandler
                0x08008ff8       0x44 ./Middlewares/Third_Party/FreeRTOS/Source/portable/GCC/ARM_CM3/port.o
                0x08008ff8                xPortSysTickHandler
 .text.vPortSetupTimerInterrupt
                0x0800903c       0x44 ./Middlewares/Third_Party/FreeRTOS/Source/portable/GCC/ARM_CM3/port.o
                0x0800903c                vPortSetupTimerInterrupt
 .text.vPortValidateInterruptPriority
                0x08009080       0x80 ./Middlewares/Third_Party/FreeRTOS/Source/portable/GCC/ARM_CM3/port.o
                0x08009080                vPortValidateInterruptPriority
 .text.pvPortMalloc
                0x08009100      0x19c ./Middlewares/Third_Party/FreeRTOS/Source/portable/MemMang/heap_4.o
                0x08009100                pvPortMalloc
 .text.vPortFree
                0x0800929c       0xc8 ./Middlewares/Third_Party/FreeRTOS/Source/portable/MemMang/heap_4.o
                0x0800929c                vPortFree
 .text.prvHeapInit
                0x08009364       0xc4 ./Middlewares/Third_Party/FreeRTOS/Source/portable/MemMang/heap_4.o
 .text.prvInsertBlockIntoFreeList
                0x08009428       0xb0 ./Middlewares/Third_Party/FreeRTOS/Source/portable/MemMang/heap_4.o
 .text.__assert_func
                0x080094d8       0x3c C:/ST/STM32CubeIDE_2.0.0/STM32CubeIDE/plugins/com.st.stm32cube.ide.mcu.externaltools.gnu-tools-for-stm32.13.3.rel1.win32_1.0.100.202509120712/tools/bin/../lib/gcc/arm-none-eabi/13.3.1/../../../../arm-none-eabi/lib/thumb/v7-m/nofp\libc_nano.a(libc_a-assert.o)
                0x080094d8                __assert_func
 .text.std      0x08009514       0x6c C:/ST/STM32CubeIDE_2.0.0/STM32CubeIDE/plugins/com.st.stm32cube.ide.mcu.externaltools.gnu-tools-for-stm32.13.3.rel1.win32_1.0.100.202509120712/tools/bin/../lib/gcc/arm-none-eabi/13.3.1/../../../../arm-none-eabi/lib/thumb/v7-m/nofp\libc_nano.a(libc_a-findfp.o)
 .text.stdio_exit_handler
                0x08009580       0x18 C:/ST/STM32CubeIDE_2.0.0/STM32CubeIDE/plugins/com.st.stm32cube.ide.mcu.externaltools.gnu-tools-for-stm32.13.3.rel1.win32_1.0.100.202509120712/tools/bin/../lib/gcc/arm-none-eabi/13.3.1/../../../../arm-none-eabi/lib/thumb/v7-m/nofp\libc_nano.a(libc_a-findfp.o)
 .text.cleanup_stdio
                0x08009598       0x40 C:/ST/STM32CubeIDE_2.0.0/STM32CubeIDE/plugins/com.st.stm32cube.ide.mcu.externaltools.gnu-tools-for-stm32.13.3.rel1.win32_1.0.100.202509120712/tools/bin/../lib/gcc/arm-none-eabi/13.3.1/../../../../arm-none-eabi/lib/thumb/v7-m/nofp\libc_nano.a(libc_a-findfp.o)
 .text.global_stdio_init.part.0
                0x080095d8       0x3c C:/ST/STM32CubeIDE_2.0.0/STM32CubeIDE/plugins/com.st.stm32cube.ide.mcu.externaltools.gnu-tools-for-stm32.13.3.rel1.win32_1.0.100.202509120712/tools/bin/../lib/gcc/arm-none-eabi/13.3.1/../../../../arm-none-eabi/lib/thumb/v7-m/nofp\libc_nano.a(libc_a-findfp.o)
 .text.__sfp_lock_acquire
                0x08009614        0xc C:/ST/STM32CubeIDE_2.0.0/STM32CubeIDE/plugins/com.st.stm32cube.ide.mcu.externaltools.gnu-tools-for-stm32.13.3.rel1.win32_1.0.100.202509120712/tools/bin/../lib/gcc/arm-none-eabi/13.3.1/../../../../arm-none-eabi/lib/thumb/v7-m/nofp\libc_nano.a(libc_a-findfp.o)
                0x08009614                __sfp_lock_acquire
 .text.__sfp_lock_release
                0x08009620        0xc C:/ST/STM32CubeIDE_2.0.0/STM32CubeIDE/plugins/com.st.stm32cube.ide.mcu.externaltools.gnu-tools-for-stm32.13.3.rel1.win32_1.0.100.202509120712/tools/bin/../lib/gcc/arm-none-eabi/13.3.1/../../../../arm-none-eabi/lib/thumb/v7-m/nofp\libc_nano.a(libc_a-findfp.o)
                0x08009620                __sfp_lock_release
 .text.__sinit  0x0800962c       0x30 C:/ST/STM32CubeIDE_2.0.0/STM32CubeIDE/plugins/com.st.stm32cube.ide.mcu.externaltools.gnu-tools-for-stm32.13.3.rel1.win32_1.0.100.202509120712/tools/bin/../lib/gcc/arm-none-eabi/13.3.1/../../../../arm-none-eabi/lib/thumb/v7-m/nofp\libc_nano.a(libc_a-findfp.o)
                0x0800962c                __sinit
 .text.fprintf  0x0800965c       0x24 C:/ST/STM32CubeIDE_2.0.0/STM32CubeIDE/plugins/com.st.stm32cube.ide.mcu.externaltools.gnu-tools-for-stm32.13.3.rel1.win32_1.0.100.202509120712/tools/bin/../lib/gcc/arm-none-eabi/13.3.1/../../../../arm-none-eabi/lib/thumb/v7-m/nofp\libc_nano.a(libc_a-fprintf.o)
                0x0800965c                fiprintf
                0x0800965c                fprintf
 .text._fwalk_sglue
                0x08009680       0x3c C:/ST/STM32CubeIDE_2.0.0/STM32CubeIDE/plugins/com.st.stm32cube.ide.mcu.externaltools.gnu-tools-for-stm32.13.3.rel1.win32_1.0.100.202509120712/tools/bin/../lib/gcc/arm-none-eabi/13.3.1/../../../../arm-none-eabi/lib/thumb/v7-m/nofp\libc_nano.a(libc_a-fwalk.o)
                0x08009680                _fwalk_sglue
 .text.snprintf
                0x080096bc       0x6c C:/ST/STM32CubeIDE_2.0.0/STM32CubeIDE/plugins/com.st.stm32cube.ide.mcu.externaltools.gnu-tools-for-stm32.13.3.rel1.win32_1.0.100.202509120712/tools/bin/../lib/gcc/arm-none-eabi/13.3.1/../../../../arm-none-eabi/lib/thumb/v7-m/nofp\libc_nano.a(libc_a-snprintf.o)
                0x080096bc                sniprintf
                0x080096bc                snprintf
 .text.__sread  0x08009728       0x22 C:/ST/STM32CubeIDE_2.0.0/STM32CubeIDE/plugins/com.st.stm32cube.ide.mcu.externaltools.gnu-tools-for-stm32.13.3.rel1.win32_1.0.100.202509120712/tools/bin/../lib/gcc/arm-none-eabi/13.3.1/../../../../arm-none-eabi/lib/thumb/v7-m/nofp\libc_nano.a(libc_a-stdio.o)
                0x08009728                __sread
 .text.__swrite
                0x0800974a       0x38 C:/ST/STM32CubeIDE_2.0.0/STM32CubeIDE/plugins/com.st.stm32cube.ide.mcu.externaltools.gnu-tools-for-stm32.13.3.rel1.win32_1.0.100.202509120712/tools/bin/../lib/gcc/arm-none-eabi/13.3.1/../../../../arm-none-eabi/lib/thumb/v7-m/nofp\libc_nano.a(libc_a-stdio.o)
                0x0800974a                __swrite
 .text.__sseek  0x08009782       0x24 C:/ST/STM32CubeIDE_2.0.0/STM32CubeIDE/plugins/com.st.stm32cube.ide.mcu.externaltools.gnu-tools-for-stm32.13.3.rel1.win32_1.0.100.202509120712/tools/bin/../lib/gcc/arm-none-eabi/13.3.1/../../../../arm-none-eabi/lib/thumb/v7-m/nofp\libc_nano.a(libc_a-stdio.o)
                0x08009782                __sseek
 .text.__sclose
                0x080097a6        0x8 C:/ST/STM32CubeIDE_2.0.0/STM32CubeIDE/plugins/com.st.stm32cube.ide.mcu.externaltools.gnu-tools-for-stm32.13.3.rel1.win32_1.0.100.202509120712/tools/bin/../lib/gcc/arm-none-eabi/13.3.1/../../../../arm-none-eabi/lib/thumb/v7-m/nofp\libc_nano.a(libc_a-stdio.o)
                0x080097a6                __sclose
 .text.memcmp   0x080097ae       0x20 C:/ST/STM32CubeIDE_2.0.0/STM32CubeIDE/plugins/com.st.stm32cube.ide.mcu.externaltools.gnu-tools-for-stm32.13.3.rel1.win32_1.0.100.202509120712/tools/bin/../lib/gcc/arm-none-eabi/13.3.1/../../../../arm-none-eabi/lib/thumb/v7-m/nofp\libc_nano.a(libc_a-memcmp.o)
                0x080097ae                memcmp
 .text.memset   0x080097ce       0x10 C:/ST/STM32CubeIDE_2.0.0/STM32CubeIDE/plugins/com.st.stm32cube.ide.mcu.externaltools.gnu-tools-for-stm32.13.3.rel1.win32_1.0.100.202509120712/tools/bin/../lib/gcc/arm-none-eabi/13.3.1/../../../../arm-none-eabi/lib/thumb/v7-m/nofp\libc_nano.a(libc_a-memset.o)
                0x080097ce                memset
 *fill*         0x080097de        0x2 
 .text._close_r
                0x080097e0       0x20 C:/ST/STM32CubeIDE_2.0.0/STM32CubeIDE/plugins/com.st.stm32cube.ide.mcu.externaltools.gnu-tools-for-stm32.13.3.rel1.win32_1.0.100.202509120712/tools/bin/../lib/gcc/arm-none-eabi/13.3.1/../../../../arm-none-eabi/lib/thumb/v7-m/nofp\libc_nano.a(libc_a-closer.o)
                0x080097e0                _close_r
 .text._lseek_r
                0x08009800       0x24 C:/ST/STM32CubeIDE_2.0.0/STM32CubeIDE/plugins/com.st.stm32cube.ide.mcu.externaltools.gnu-tools-for-stm32.13.3.rel1.win32_1.0.100.202509120712/tools/bin/../lib/gcc/arm-none-eabi/13.3.1/../../../../arm-none-eabi/lib/thumb/v7-m/nofp\libc_nano.a(libc_a-lseekr.o)
                0x08009800                _lseek_r
 .text._read_r  0x08009824       0x24 C:/ST/STM32CubeIDE_2.0.0/STM32CubeIDE/plugins/com.st.stm32cube.ide.mcu.externaltools.gnu-tools-for-stm32.13.3.rel1.win32_1.0.100.202509120712/tools/bin/../lib/gcc/arm-none-eabi/13.3.1/../../../../arm-none-eabi/lib/thumb/v7-m/nofp\libc_nano.a(libc_a-readr.o)
                0x08009824                _read_r
 .text._write_r
                0x08009848       0x24 C:/ST/STM32CubeIDE_2.0.0/STM32CubeIDE/plugins/com.st.stm32cube.ide.mcu.externaltools.gnu-tools-for-stm32.13.3.rel1.win32_1.0.100.202509120712/tools/bin/../lib/gcc/arm-none-eabi/13.3.1/../../../../arm-none-eabi/lib/thumb/v7-m/nofp\libc_nano.a(libc_a-writer.o)
                0x08009848                _write_r
 .text.__errno  0x0800986c        0xc C:/ST/STM32CubeIDE_2.0.0/STM32CubeIDE/plugins/com.st.stm32cube.ide.mcu.externaltools.gnu-tools-for-stm32.13.3.rel1.win32_1.0.100.202509120712/tools/bin/../lib/gcc/arm-none-eabi/13.3.1/../../../../arm-none-eabi/lib/thumb/v7-m/nofp\libc_nano.a(libc_a-errno.o)
                0x0800986c                __errno
 .text.__libc_init_array
                0x08009878       0x48 C:/ST/STM32CubeIDE_2.0.0/STM32CubeIDE/plugins/com.st.stm32cube.ide.mcu.externaltools.gnu-tools-for-stm32.13.3.rel1.win32_1.0.100.202509120712/tools/bin/../lib/gcc/arm-none-eabi/13.3.1/../../../../arm-none-eabi/lib/thumb/v7-m/nofp\libc_nano.a(libc_a-init.o)
                0x08009878                __libc_init_array
 .text.__retarget_lock_init_recursive
                0x080098c0        0x2 C:/ST/STM32CubeIDE_2.0.0/STM32CubeIDE/plugins/com.st.stm32cube.ide.mcu.externaltools.gnu-tools-for-stm32.13.3.rel1.win32_1.0.100.202509120712/tools/bin/../lib/gcc/arm-none-eabi/13.3.1/../../../../arm-none-eabi/lib/thumb/v7-m/nofp\libc_nano.a(libc_a-lock.o)
                0x080098c0                __retarget_lock_init_recursive
 .text.__retarget_lock_acquire_recursive
                0x080098c2        0x2 C:/ST/STM32CubeIDE_2.0.0/STM32CubeIDE/plugins/com.st.stm32cube.ide.mcu.externaltools.gnu-tools-for-stm32.13.3.rel1.win32_1.0.100.202509120712/tools/bin/../lib/gcc/arm-none-eabi/13.3.1/../../../../arm-none-eabi/lib/thumb/v7-m/nofp\libc_nano.a(libc_a-lock.o)
                0x080098c2                __retarget_lock_acquire_recursive
 .text.__retarget_lock_release_recursive
                0x080098c4        0x2 C:/ST/STM32CubeIDE_2.0.0/STM32CubeIDE/plugins/com.st.stm32cube.ide.mcu.externaltools.gnu-tools-for-stm32.13.3.rel1.win32_1.0.100.202509120712/tools/bin/../lib/gcc/arm-none-eabi/13.3.1/../../../../arm-none-eabi/lib/thumb/v7-m/nofp\libc_nano.a(libc_a-lock.o)
                0x080098c4                __retarget_lock_release_recursive
 .text.memcpy   0x080098c6       0x1c C:/ST/STM32CubeIDE_2.0.0/STM32CubeIDE/plugins/com.st.stm32cube.ide.mcu.externaltools.gnu-tools-for-stm32.13.3.rel1.win32_1.0.100.202509120712/tools/bin/../lib/gcc/arm-none-eabi/13.3.1/../../../../arm-none-eabi/lib/thumb/v7-m/nofp\libc_nano.a(libc_a-memcpy-stub.o)
                0x080098c6                memcpy
 .text.abort    0x080098e2        0xe C:/ST/STM32CubeIDE_2.0.0/STM32CubeIDE/plugins/com.st.stm32cube.ide.mcu.externaltools.gnu-tools-for-stm32.13.3.rel1.win32_1.0.100.202509120712/tools/bin/../lib/gcc/arm-none-eabi/13.3.1/../../../../arm-none-eabi/lib/thumb/v7-m/nofp\libc_nano.a(libc_a-abort.o)
                0x080098e2                abort
 .text._free_r  0x080098f0       0x90 C:/ST/STM32CubeIDE_2.0.0/STM32CubeIDE/plugins/com.st.stm32cube.ide.mcu.externaltools.gnu-tools-for-stm32.13.3.rel1.win32_1.0.100.202509120712/tools/bin/../lib/gcc/arm-none-eabi/13.3.1/../../../../arm-none-eabi/lib/thumb/v7-m/nofp\libc_nano.a(libc_a-freer.o)
                0x080098f0                _free_r
 .text.sbrk_aligned
                0x08009980       0x44 C:/ST/STM32CubeIDE_2.0.0/STM32CubeIDE/plugins/com.st.stm32cube.ide.mcu.externaltools.gnu-tools-for-stm32.13.3.rel1.win32_1.0.100.202509120712/tools/bin/../lib/gcc/arm-none-eabi/13.3.1/../../../../arm-none-eabi/lib/thumb/v7-m/nofp\libc_nano.a(libc_a-mallocr.o)
 .text._malloc_r
                0x080099c4      0x100 C:/ST/STM32CubeIDE_2.0.0/STM32CubeIDE/plugins/com.st.stm32cube.ide.mcu.externaltools.gnu-tools-for-stm32.13.3.rel1.win32_1.0.100.202509120712/tools/bin/../lib/gcc/arm-none-eabi/13.3.1/../../../../arm-none-eabi/lib/thumb/v7-m/nofp\libc_nano.a(libc_a-mallocr.o)
                0x080099c4                _malloc_r
 .text.__malloc_lock
                0x08009ac4        0xc C:/ST/STM32CubeIDE_2.0.0/STM32CubeIDE/plugins/com.st.stm32cube.ide.mcu.externaltools.gnu-tools-for-stm32.13.3.rel1.win32_1.0.100.202509120712/tools/bin/../lib/gcc/arm-none-eabi/13.3.1/../../../../arm-none-eabi/lib/thumb/v7-m/nofp\libc_nano.a(libc_a-mlock.o)
                0x08009ac4                __malloc_lock
 .text.__malloc_unlock
                0x08009ad0        0xc C:/ST/STM32CubeIDE_2.0.0/STM32CubeIDE/plugins/com.st.stm32cube.ide.mcu.externaltools.gnu-tools-for-stm32.13.3.rel1.win32_1.0.100.202509120712/tools/bin/../lib/gcc/arm-none-eabi/13.3.1/../../../../arm-none-eabi/lib/thumb/v7-m/nofp\libc_nano.a(libc_a-mlock.o)
                0x08009ad0                __malloc_unlock
 .text.__ssputs_r
                0x08009adc       0xb6 C:/ST/STM32CubeIDE_2.0.0/STM32CubeIDE/plugins/com.st.stm32cube.ide.mcu.externaltools.gnu-tools-for-stm32.13.3.rel1.win32_1.0.100.202509120712/tools/bin/../lib/gcc/arm-none-eabi/13.3.1/../../../../arm-none-eabi/lib/thumb/v7-m/nofp\libc_nano.a(libc_a-nano-svfprintf.o)
                0x08009adc                __ssputs_r
 *fill*         0x08009b92        0x2 
 .text._svfprintf_r
                0x08009b94      0x1f8 C:/ST/STM32CubeIDE_2.0.0/STM32CubeIDE/plugins/com.st.stm32cube.ide.mcu.externaltools.gnu-tools-for-stm32.13.3.rel1.win32_1.0.100.202509120712/tools/bin/../lib/gcc/arm-none-eabi/13.3.1/../../../../arm-none-eabi/lib/thumb/v7-m/nofp\libc_nano.a(libc_a-nano-svfprintf.o)
                0x08009b94                _svfiprintf_r
                0x08009b94                _svfprintf_r
 .text.__sfputc_r
                0x08009d8c       0x2a C:/ST/STM32CubeIDE_2.0.0/STM32CubeIDE/plugins/com.st.stm32cube.ide.mcu.externaltools.gnu-tools-for-stm32.13.3.rel1.win32_1.0.100.202509120712/tools/bin/../lib/gcc/arm-none-eabi/13.3.1/../../../../arm-none-eabi/lib/thumb/v7-m/nofp\libc_nano.a(libc_a-nano-vfprintf.o)
 .text.__sfputs_r
                0x08009db6       0x24 C:/ST/STM32CubeIDE_2.0.0/STM32CubeIDE/plugins/com.st.stm32cube.ide.mcu.externaltools.gnu-tools-for-stm32.13.3.rel1.win32_1.0.100.202509120712/tools/bin/../lib/gcc/arm-none-eabi/13.3.1/../../../../arm-none-eabi/lib/thumb/v7-m/nofp\libc_nano.a(libc_a-nano-vfprintf.o)
                0x08009db6                __sfputs_r
 *fill*         0x08009dda        0x2 
 .text._vfprintf_r
                0x08009ddc      0x230 C:/ST/STM32CubeIDE_2.0.0/STM32CubeIDE/plugins/com.st.stm32cube.ide.mcu.externaltools.gnu-tools-for-stm32.13.3.rel1.win32_1.0.100.202509120712/tools/bin/../lib/gcc/arm-none-eabi/13.3.1/../../../../arm-none-eabi/lib/thumb/v7-m/nofp\libc_nano.a(libc_a-nano-vfprintf.o)
                0x08009ddc                _vfprintf_r
                0x08009ddc                _vfiprintf_r
 .text._printf_common
                0x0800a00c       0xe4 C:/ST/STM32CubeIDE_2.0.0/STM32CubeIDE/plugins/com.st.stm32cube.ide.mcu.externaltools.gnu-tools-for-stm32.13.3.rel1.win32_1.0.100.202509120712/tools/bin/../lib/gcc/arm-none-eabi/13.3.1/../../../../arm-none-eabi/lib/thumb/v7-m/nofp\libc_nano.a(libc_a-nano-vfprintf_i.o)
                0x0800a00c                _printf_common
 .text._printf_i
                0x0800a0f0      0x23c C:/ST/STM32CubeIDE_2.0.0/STM32CubeIDE/plugins/com.st.stm32cube.ide.mcu.externaltools.gnu-tools-for-stm32.13.3.rel1.win32_1.0.100.202509120712/tools/bin/../lib/gcc/arm-none-eabi/13.3.1/../../../../arm-none-eabi/lib/thumb/v7-m/nofp\libc_nano.a(libc_a-nano-vfprintf_i.o)
                0x0800a0f0                _printf_i
 .text.__sflush_r
                0x0800a32c      0x100 C:/ST/STM32CubeIDE_2.0.0/STM32CubeIDE/plugins/com.st.stm32cube.ide.mcu.externaltools.gnu-tools-for-stm32.13.3.rel1.win32_1.0.100.202509120712/tools/bin/../lib/gcc/arm-none-eabi/13.3.1/../../../../arm-none-eabi/lib/thumb/v7-m/nofp\libc_nano.a(libc_a-fflush.o)
                0x0800a32c                __sflush_r
 .text._fflush_r
                0x0800a42c       0x50 C:/ST/STM32CubeIDE_2.0.0/STM32CubeIDE/plugins/com.st.stm32cube.ide.mcu.externaltools.gnu-tools-for-stm32.13.3.rel1.win32_1.0.100.202509120712/tools/bin/../lib/gcc/arm-none-eabi/13.3.1/../../../../arm-none-eabi/lib/thumb/v7-m/nofp\libc_nano.a(libc_a-fflush.o)
                0x0800a42c                _fflush_r
 .text.__swbuf_r
                0x0800a47c       0x7c C:/ST/STM32CubeIDE_2.0.0/STM32CubeIDE/plugins/com.st.stm32cube.ide.mcu.externaltools.gnu-tools-for-stm32.13.3.rel1.win32_1.0.100.202509120712/tools/bin/../lib/gcc/arm-none-eabi/13.3.1/../../../../arm-none-eabi/lib/thumb/v7-m/nofp\libc_nano.a(libc_a-wbuf.o)
                0x0800a47c                __swbuf_r
 .text.__swsetup_r
                0x0800a4f8       0xac C:/ST/STM32CubeIDE_2.0.0/STM32CubeIDE/plugins/com.st.stm32cube.ide.mcu.externaltools.gnu-tools-for-stm32.13.3.rel1.win32_1.0.100.202509120712/tools/bin/../lib/gcc/arm-none-eabi/13.3.1/../../../../arm-none-eabi/lib/thumb/v7-m/nofp\libc_nano.a(libc_a-wsetup.o)
                0x0800a4f8                __swsetup_r
 .text.memmove  0x0800a5a4       0x34 C:/ST/STM32CubeIDE_2.0.0/STM32CubeIDE/plugins/com.st.stm32cube.ide.mcu.externaltools.gnu-tools-for-stm32.13.3.rel1.win32_1.0.100.202509120712/tools/bin/../lib/gcc/arm-none-eabi/13.3.1/../../../../arm-none-eabi/lib/thumb/v7-m/nofp\libc_nano.a(libc_a-memmove.o)
                0x0800a5a4                memmove
 .text._raise_r
                0x0800a5d8       0x50 C:/ST/STM32CubeIDE_2.0.0/STM32CubeIDE/plugins/com.st.stm32cube.ide.mcu.externaltools.gnu-tools-for-stm32.13.3.rel1.win32_1.0.100.202509120712/tools/bin/../lib/gcc/arm-none-eabi/13.3.1/../../../../arm-none-eabi/lib/thumb/v7-m/nofp\libc_nano.a(libc_a-signal.o)
                0x0800a5d8                _raise_r
 .text.raise    0x0800a628       0x10 C:/ST/STM32CubeIDE_2.0.0/STM32CubeIDE/plugins/com.st.stm32cube.ide.mcu.externaltools.gnu-tools-for-stm32.13.3.rel1.win32_1.0.100.202509120712/tools/bin/../lib/gcc/arm-none-eabi/13.3.1/../../../../arm-none-eabi/lib/thumb/v7-m/nofp\libc_nano.a(libc_a-signal.o)
                0x0800a628                raise
 .text._kill_r  0x0800a638       0x24 C:/ST/STM32CubeIDE_2.0.0/STM32CubeIDE/plugins/com.st.stm32cube.ide.mcu.externaltools.gnu-tools-for-stm32.13.3.rel1.win32_1.0.100.202509120712/tools/bin/../lib/gcc/arm-none-eabi/13.3.1/../../../../arm-none-eabi/lib/thumb/v7-m/nofp\libc_nano.a(libc_a-signalr.o)
                0x0800a638                _kill_r
 .text._getpid_r
                0x0800a65c        0x4 C:/ST/STM32CubeIDE_2.0.0/STM32CubeIDE/plugins/com.st.stm32cube.ide.mcu.externaltools.gnu-tools-for-stm32.13.3.rel1.win32_1.0.100.202509120712/tools/bin/../lib/gcc/arm-none-eabi/13.3.1/../../../../arm-none-eabi/lib/thumb/v7-m/nofp\libc_nano.a(libc_a-signalr.o)
                0x0800a65c                _getpid_r
 .text._sbrk_r  0x0800a660       0x20 C:/ST/STM32CubeIDE_2.0.0/STM32CubeIDE/plugins/com.st.stm32cube.ide.mcu.externaltools.gnu-tools-for-stm32.13.3.rel1.win32_1.0.100.202509120712/tools/bin/../lib/gcc/arm-none-eabi/13.3.1/../../../../arm-none-eabi/lib/thumb/v7-m/nofp\libc_nano.a(libc_a-sbrkr.o)
                0x0800a660                _sbrk_r
 .text.memchr   0x0800a680       0x1c C:/ST/STM32CubeIDE_2.0.0/STM32CubeIDE/plugins/com.st.stm32cube.ide.mcu.externaltools.gnu-tools-for-stm32.13.3.rel1.win32_1.0.100.202509120712/tools/bin/../lib/gcc/arm-none-eabi/13.3.1/../../../../arm-none-eabi/lib/thumb/v7-m/nofp\libc_nano.a(libc_a-memchr-stub.o)
                0x0800a680                memchr
 .text._realloc_r
                0x0800a69c       0x5c C:/ST/STM32CubeIDE_2.0.0/STM32CubeIDE/plugins/com.st.stm32cube.ide.mcu.externaltools.gnu-tools-for-stm32.13.3.rel1.win32_1.0.100.202509120712/tools/bin/../lib/gcc/arm-none-eabi/13.3.1/../../../../arm-none-eabi/lib/thumb/v7-m/nofp\libc_nano.a(libc_a-reallocr.o)
                0x0800a69c                _realloc_r
 .text.__swhatbuf_r
                0x0800a6f8       0x4a C:/ST/STM32CubeIDE_2.0.0/STM32CubeIDE/plugins/com.st.stm32cube.ide.mcu.externaltools.gnu-tools-for-stm32.13.3.rel1.win32_1.0.100.202509120712/tools/bin/../lib/gcc/arm-none-eabi/13.3.1/../../../../arm-none-eabi/lib/thumb/v7-m/nofp\libc_nano.a(libc_a-makebuf.o)
                0x0800a6f8                __swhatbuf_r
 .text.__smakebuf_r
                0x0800a742       0x78 C:/ST/STM32CubeIDE_2.0.0/STM32CubeIDE/plugins/com.st.stm32cube.ide.mcu.externaltools.gnu-tools-for-stm32.13.3.rel1.win32_1.0.100.202509120712/tools/bin/../lib/gcc/arm-none-eabi/13.3.1/../../../../arm-none-eabi/lib/thumb/v7-m/nofp\libc_nano.a(libc_a-makebuf.o)
                0x0800a742                __smakebuf_r
 *fill*         0x0800a7ba        0x2 
 .text._fstat_r
                0x0800a7bc       0x24 C:/ST/STM32CubeIDE_2.0.0/STM32CubeIDE/plugins/com.st.stm32cube.ide.mcu.externaltools.gnu-tools-for-stm32.13.3.rel1.win32_1.0.100.202509120712/tools/bin/../lib/gcc/arm-none-eabi/13.3.1/../../../../arm-none-eabi/lib/thumb/v7-m/nofp\libc_nano.a(libc_a-fstatr.o)
                0x0800a7bc                _fstat_r
 .text._isatty_r
                0x0800a7e0       0x20 C:/ST/STM32CubeIDE_2.0.0/STM32CubeIDE/plugins/com.st.stm32cube.ide.mcu.externaltools.gnu-tools-for-stm32.13.3.rel1.win32_1.0.100.202509120712/tools/bin/../lib/gcc/arm-none-eabi/13.3.1/../../../../arm-none-eabi/lib/thumb/v7-m/nofp\libc_nano.a(libc_a-isattyr.o)
                0x0800a7e0                _isatty_r
 .text._malloc_usable_size_r
                0x0800a800       0x10 C:/ST/STM32CubeIDE_2.0.0/STM32CubeIDE/plugins/com.st.stm32cube.ide.mcu.externaltools.gnu-tools-for-stm32.13.3.rel1.win32_1.0.100.202509120712/tools/bin/../lib/gcc/arm-none-eabi/13.3.1/../../../../arm-none-eabi/lib/thumb/v7-m/nofp\libc_nano.a(libc_a-msizer.o)
                0x0800a800                _malloc_usable_size_r
 *(.glue_7)
 .glue_7        0x0800a810        0x0 linker stubs
 *(.glue_7t)
 .glue_7t       0x0800a810        0x0 linker stubs
 *(.eh_frame)
 .eh_frame      0x0800a810        0x0 C:/ST/STM32CubeIDE_2.0.0/STM32CubeIDE/plugins/com.st.stm32cube.ide.mcu.externaltools.gnu-tools-for-stm32.13.3.rel1.win32_1.0.100.202509120712/tools/bin/../lib/gcc/arm-none-eabi/13.3.1/thumb/v7-m/nofp/crtbegin.o
 *(.init)
 .init          0x0800a810        0x4 C:/ST/STM32CubeIDE_2.0.0/STM32CubeIDE/plugins/com.st.stm32cube.ide.mcu.externaltools.gnu-tools-for-stm32.13.3.rel1.win32_1.0.100.202509120712/tools/bin/../lib/gcc/arm-none-eabi/13.3.1/thumb/v7-m/nofp/crti.o
                0x0800a810                _init
 .init          0x0800a814        0x8 C:/ST/STM32CubeIDE_2.0.0/STM32CubeIDE/plugins/com.st.stm32cube.ide.mcu.externaltools.gnu-tools-for-stm32.13.3.rel1.win32_1.0.100.202509120712/tools/bin/../lib/gcc/arm-none-eabi/13.3.1/thumb/v7-m/nofp/crtn.o
 *(.fini)
 .fini          0x0800a81c        0x4 C:/ST/STM32CubeIDE_2.0.0/STM32CubeIDE/plugins/com.st.stm32cube.ide.mcu.externaltools.gnu-tools-for-stm32.13.3.rel1.win32_1.0.100.202509120712/tools/bin/../lib/gcc/arm-none-eabi/13.3.1/thumb/v7-m/nofp/crti.o
                0x0800a81c                _fini
 .fini          0x0800a820        0x8 C:/ST/STM32CubeIDE_2.0.0/STM32CubeIDE/plugins/com.st.stm32cube.ide.mcu.externaltools.gnu-tools-for-stm32.13.3.rel1.win32_1.0.100.202509120712/tools/bin/../lib/gcc/arm-none-eabi/13.3.1/thumb/v7-m/nofp/crtn.o
                0x0800a828                        . = ALIGN (0x4)
                0x0800a828                        _etext = .

.vfp11_veneer   0x0800a828        0x0
 .vfp11_veneer  0x0800a828        0x0 linker stubs

.v4_bx          0x0800a828        0x0
 .v4_bx         0x0800a828        0x0 linker stubs

.iplt           0x0800a828        0x0
 .iplt          0x0800a828        0x0 C:/ST/STM32CubeIDE_2.0.0/STM32CubeIDE/plugins/com.st.stm32cube.ide.mcu.externaltools.gnu-tools-for-stm32.13.3.rel1.win32_1.0.100.202509120712/tools/bin/../lib/gcc/arm-none-eabi/13.3.1/thumb/v7-m/nofp/crtbegin.o

.rodata         0x0800a828      0x6c8
                0x0800a828                        . = ALIGN (0x4)
 *(.rodata)
 .rodata        0x0800a828        0xb ./Core/Services/communication_service.o
 *fill*         0x0800a833        0x1 
 .rodata        0x0800a834       0x13 ./Core/Services/system_service.o
 *fill*         0x0800a847        0x1 
 .rodata        0x0800a848       0x35 ./Core/Src/main.o
 *fill*         0x0800a87d        0x3 
 .rodata        0x0800a880       0x5e ./Core/Tests/Protocol/crc16_test.o
 *fill*         0x0800a8de        0x2 
 .rodata        0x0800a8e0      0x424 ./Core/Tests/Protocol/packet_test.o
 .rodata        0x0800ad04        0x5 ./Middlewares/Third_Party/FreeRTOS/Source/tasks.o
 *fill*         0x0800ad09        0x3 
 .rodata        0x0800ad0c        0xd ./Middlewares/Third_Party/FreeRTOS/Source/timers.o
 *(.rodata*)
 *fill*         0x0800ad19        0x3 
 .rodata.commandTable
                0x0800ad1c       0x90 ./Core/Commands/command_registry.o
 .rodata.SystemTask_attributes
                0x0800adac       0x24 ./Core/Src/main.o
                0x0800adac                SystemTask_attributes
 .rodata.CommunicationTa_attributes
                0x0800add0       0x24 ./Core/Src/main.o
                0x0800add0                CommunicationTa_attributes
 .rodata.SensorTask_attributes
                0x0800adf4       0x24 ./Core/Src/main.o
                0x0800adf4                SensorTask_attributes
 .rodata.ActuatorTask_attributes
                0x0800ae18       0x24 ./Core/Src/main.o
                0x0800ae18                ActuatorTask_attributes
 .rodata.AHBPrescTable
                0x0800ae3c       0x10 ./Core/Src/system_stm32f1xx.o
                0x0800ae3c                AHBPrescTable
 .rodata.APBPrescTable
                0x0800ae4c        0x8 ./Core/Src/system_stm32f1xx.o
                0x0800ae4c                APBPrescTable
 .rodata.__func__.0
                0x0800ae54        0xb ./Core/Tests/Protocol/crc16_test.o
 *fill*         0x0800ae5f        0x1 
 .rodata.__func__.0
                0x0800ae60        0xc ./Core/Tests/Protocol/packet_test.o
 .rodata.aPLLMULFactorTable.1
                0x0800ae6c       0x10 ./Drivers/STM32F1xx_HAL_Driver/Src/stm32f1xx_hal_rcc.o
 .rodata.aPredivFactorTable.0
                0x0800ae7c        0x2 ./Drivers/STM32F1xx_HAL_Driver/Src/stm32f1xx_hal_rcc.o
 .rodata.__assert_func.str1.1
                0x0800ae7e       0x6f C:/ST/STM32CubeIDE_2.0.0/STM32CubeIDE/plugins/com.st.stm32cube.ide.mcu.externaltools.gnu-tools-for-stm32.13.3.rel1.win32_1.0.100.202509120712/tools/bin/../lib/gcc/arm-none-eabi/13.3.1/../../../../arm-none-eabi/lib/thumb/v7-m/nofp\libc_nano.a(libc_a-assert.o)
                                 0x3d (size before relaxing)
 .rodata._svfprintf_r.str1.1
                0x0800aeed        0x0 C:/ST/STM32CubeIDE_2.0.0/STM32CubeIDE/plugins/com.st.stm32cube.ide.mcu.externaltools.gnu-tools-for-stm32.13.3.rel1.win32_1.0.100.202509120712/tools/bin/../lib/gcc/arm-none-eabi/13.3.1/../../../../arm-none-eabi/lib/thumb/v7-m/nofp\libc_nano.a(libc_a-nano-svfprintf.o)
                                 0x11 (size before relaxing)
 .rodata._vfprintf_r.str1.1
                0x0800aeed        0x0 C:/ST/STM32CubeIDE_2.0.0/STM32CubeIDE/plugins/com.st.stm32cube.ide.mcu.externaltools.gnu-tools-for-stm32.13.3.rel1.win32_1.0.100.202509120712/tools/bin/../lib/gcc/arm-none-eabi/13.3.1/../../../../arm-none-eabi/lib/thumb/v7-m/nofp\libc_nano.a(libc_a-nano-vfprintf.o)
                                 0x11 (size before relaxing)
 .rodata._printf_i.str1.1
                0x0800aeed        0x0 C:/ST/STM32CubeIDE_2.0.0/STM32CubeIDE/plugins/com.st.stm32cube.ide.mcu.externaltools.gnu-tools-for-stm32.13.3.rel1.win32_1.0.100.202509120712/tools/bin/../lib/gcc/arm-none-eabi/13.3.1/../../../../arm-none-eabi/lib/thumb/v7-m/nofp\libc_nano.a(libc_a-nano-vfprintf_i.o)
                                 0x22 (size before relaxing)
                0x0800aef0                        . = ALIGN (0x4)
 *fill*         0x0800aeed        0x3 

.ARM.extab      0x0800aef0        0x0
                0x0800aef0                        . = ALIGN (0x4)
 *(.ARM.extab* .gnu.linkonce.armextab.*)
                0x0800aef0                        . = ALIGN (0x4)

.ARM            0x0800aef0        0x0
                0x0800aef0                        . = ALIGN (0x4)
                0x0800aef0                        __exidx_start = .
 *(.ARM.exidx*)
                0x0800aef0                        __exidx_end = .
                0x0800aef0                        . = ALIGN (0x4)

.preinit_array  0x0800aef0        0x0
                0x0800aef0                        . = ALIGN (0x4)
                0x0800aef0                        PROVIDE (__preinit_array_start = .)
 *(.preinit_array*)
                0x0800aef0                        PROVIDE (__preinit_array_end = .)
                0x0800aef0                        . = ALIGN (0x4)

.init_array     0x0800aef0        0x4
                0x0800aef0                        . = ALIGN (0x4)
                0x0800aef0                        PROVIDE (__init_array_start = .)
 *(SORT_BY_NAME(.init_array.*))
 *(.init_array*)
 .init_array    0x0800aef0        0x4 C:/ST/STM32CubeIDE_2.0.0/STM32CubeIDE/plugins/com.st.stm32cube.ide.mcu.externaltools.gnu-tools-for-stm32.13.3.rel1.win32_1.0.100.202509120712/tools/bin/../lib/gcc/arm-none-eabi/13.3.1/thumb/v7-m/nofp/crtbegin.o
                0x0800aef4                        PROVIDE (__init_array_end = .)
                0x0800aef4                        . = ALIGN (0x4)

.fini_array     0x0800aef4        0x4
                0x0800aef4                        . = ALIGN (0x4)
                [!provide]                        PROVIDE (__fini_array_start = .)
 *(SORT_BY_NAME(.fini_array.*))
 *(.fini_array*)
 .fini_array    0x0800aef4        0x4 C:/ST/STM32CubeIDE_2.0.0/STM32CubeIDE/plugins/com.st.stm32cube.ide.mcu.externaltools.gnu-tools-for-stm32.13.3.rel1.win32_1.0.100.202509120712/tools/bin/../lib/gcc/arm-none-eabi/13.3.1/thumb/v7-m/nofp/crtbegin.o
                [!provide]                        PROVIDE (__fini_array_end = .)
                0x0800aef8                        . = ALIGN (0x4)
                0x0800aef8                        _sidata = LOADADDR (.data)

.rel.dyn        0x0800aef8        0x0
 .rel.iplt      0x0800aef8        0x0 C:/ST/STM32CubeIDE_2.0.0/STM32CubeIDE/plugins/com.st.stm32cube.ide.mcu.externaltools.gnu-tools-for-stm32.13.3.rel1.win32_1.0.100.202509120712/tools/bin/../lib/gcc/arm-none-eabi/13.3.1/thumb/v7-m/nofp/crtbegin.o

.data           0x20000000       0x6c load address 0x0800aef8
                0x20000000                        . = ALIGN (0x4)
                0x20000000                        _sdata = .
 *(.data)
 *(.data*)
 .data.SystemCoreClock
                0x20000000        0x4 ./Core/Src/system_stm32f1xx.o
                0x20000000                SystemCoreClock
 .data.uwTickPrio
                0x20000004        0x4 ./Drivers/STM32F1xx_HAL_Driver/Src/stm32f1xx_hal.o
                0x20000004                uwTickPrio
 .data.uwTickFreq
                0x20000008        0x1 ./Drivers/STM32F1xx_HAL_Driver/Src/stm32f1xx_hal.o
                0x20000008                uwTickFreq
 *fill*         0x20000009        0x3 
 .data.uxCriticalNesting
                0x2000000c        0x4 ./Middlewares/Third_Party/FreeRTOS/Source/portable/GCC/ARM_CM3/port.o
 .data.__sglue  0x20000010        0xc C:/ST/STM32CubeIDE_2.0.0/STM32CubeIDE/plugins/com.st.stm32cube.ide.mcu.externaltools.gnu-tools-for-stm32.13.3.rel1.win32_1.0.100.202509120712/tools/bin/../lib/gcc/arm-none-eabi/13.3.1/../../../../arm-none-eabi/lib/thumb/v7-m/nofp\libc_nano.a(libc_a-findfp.o)
                0x20000010                __sglue
 .data._impure_ptr
                0x2000001c        0x4 C:/ST/STM32CubeIDE_2.0.0/STM32CubeIDE/plugins/com.st.stm32cube.ide.mcu.externaltools.gnu-tools-for-stm32.13.3.rel1.win32_1.0.100.202509120712/tools/bin/../lib/gcc/arm-none-eabi/13.3.1/../../../../arm-none-eabi/lib/thumb/v7-m/nofp\libc_nano.a(libc_a-impure.o)
                0x2000001c                _impure_ptr
 .data._impure_data
                0x20000020       0x4c C:/ST/STM32CubeIDE_2.0.0/STM32CubeIDE/plugins/com.st.stm32cube.ide.mcu.externaltools.gnu-tools-for-stm32.13.3.rel1.win32_1.0.100.202509120712/tools/bin/../lib/gcc/arm-none-eabi/13.3.1/../../../../arm-none-eabi/lib/thumb/v7-m/nofp\libc_nano.a(libc_a-impure.o)
                0x20000020                _impure_data
 *(.RamFunc)
 *(.RamFunc*)
                0x2000006c                        . = ALIGN (0x4)
                0x2000006c                        _edata = .

.igot.plt       0x2000006c        0x0 load address 0x0800af64
 .igot.plt      0x2000006c        0x0 C:/ST/STM32CubeIDE_2.0.0/STM32CubeIDE/plugins/com.st.stm32cube.ide.mcu.externaltools.gnu-tools-for-stm32.13.3.rel1.win32_1.0.100.202509120712/tools/bin/../lib/gcc/arm-none-eabi/13.3.1/thumb/v7-m/nofp/crtbegin.o
                0x2000006c                        . = ALIGN (0x4)

.bss            0x20000070     0x7744 load address 0x0800af64
                0x20000070                        _sbss = .
                0x20000070                        __bss_start__ = _sbss
 *(.bss)
 .bss           0x20000070       0x1c C:/ST/STM32CubeIDE_2.0.0/STM32CubeIDE/plugins/com.st.stm32cube.ide.mcu.externaltools.gnu-tools-for-stm32.13.3.rel1.win32_1.0.100.202509120712/tools/bin/../lib/gcc/arm-none-eabi/13.3.1/thumb/v7-m/nofp/crtbegin.o
 *(.bss*)
 .bss.g_uartRxBuffer
                0x2000008c      0x226 ./Core/Drivers/uart_driver.o
 .bss.g_currentMachineState
                0x200002b2        0x1 ./Core/Machine/machine_state.o
 *fill*         0x200002b3        0x1 
 .bss.g_commContext
                0x200002b4      0x434 ./Core/Services/communication_service.o
 .bss.g_commandQueueHandle
                0x200006e8        0x4 ./Core/Services/communication_service.o
 .bss.htim3     0x200006ec       0x48 ./Core/Src/main.o
                0x200006ec                htim3
 .bss.huart5    0x20000734       0x48 ./Core/Src/main.o
                0x20000734                huart5
 .bss.huart1    0x2000077c       0x48 ./Core/Src/main.o
                0x2000077c                huart1
 .bss.huart2    0x200007c4       0x48 ./Core/Src/main.o
                0x200007c4                huart2
 .bss.huart3    0x2000080c       0x48 ./Core/Src/main.o
                0x2000080c                huart3
 .bss.hdma_usart1_tx
                0x20000854       0x44 ./Core/Src/main.o
                0x20000854                hdma_usart1_tx
 .bss.hdma_usart1_rx
                0x20000898       0x44 ./Core/Src/main.o
                0x20000898                hdma_usart1_rx
 .bss.SystemTaskHandle
                0x200008dc        0x4 ./Core/Src/main.o
                0x200008dc                SystemTaskHandle
 .bss.CommunicationTaHandle
                0x200008e0        0x4 ./Core/Src/main.o
                0x200008e0                CommunicationTaHandle
 .bss.SensorTaskHandle
                0x200008e4        0x4 ./Core/Src/main.o
                0x200008e4                SensorTaskHandle
 .bss.ActuatorTaskHandle
                0x200008e8        0x4 ./Core/Src/main.o
                0x200008e8                ActuatorTaskHandle
 .bss.__sbrk_heap_end
                0x200008ec        0x4 ./Core/Src/sysmem.o
 .bss.uwTick    0x200008f0        0x4 ./Drivers/STM32F1xx_HAL_Driver/Src/stm32f1xx_hal.o
                0x200008f0                uwTick
 *fill*         0x200008f4        0x4 
 .bss.pFlash    0x200008f8       0x20 ./Drivers/STM32F1xx_HAL_Driver/Src/stm32f1xx_hal_flash.o
                0x200008f8                pFlash
 .bss.KernelState
                0x20000918        0x4 ./Middlewares/Third_Party/FreeRTOS/Source/CMSIS_RTOS_V2/cmsis_os2.o
 .bss.Idle_TCB.3
                0x2000091c       0x5c ./Middlewares/Third_Party/FreeRTOS/Source/CMSIS_RTOS_V2/cmsis_os2.o
 .bss.Idle_Stack.2
                0x20000978      0x200 ./Middlewares/Third_Party/FreeRTOS/Source/CMSIS_RTOS_V2/cmsis_os2.o
 .bss.Timer_TCB.1
                0x20000b78       0x5c ./Middlewares/Third_Party/FreeRTOS/Source/CMSIS_RTOS_V2/cmsis_os2.o
 .bss.Timer_Stack.0
                0x20000bd4      0x400 ./Middlewares/Third_Party/FreeRTOS/Source/CMSIS_RTOS_V2/cmsis_os2.o
 .bss.xQueueRegistry
                0x20000fd4       0x40 ./Middlewares/Third_Party/FreeRTOS/Source/queue.o
                0x20000fd4                xQueueRegistry
 .bss.pxCurrentTCB
                0x20001014        0x4 ./Middlewares/Third_Party/FreeRTOS/Source/tasks.o
                0x20001014                pxCurrentTCB
 .bss.pxReadyTasksLists
                0x20001018      0x460 ./Middlewares/Third_Party/FreeRTOS/Source/tasks.o
 .bss.xDelayedTaskList1
                0x20001478       0x14 ./Middlewares/Third_Party/FreeRTOS/Source/tasks.o
 .bss.xDelayedTaskList2
                0x2000148c       0x14 ./Middlewares/Third_Party/FreeRTOS/Source/tasks.o
 .bss.pxDelayedTaskList
                0x200014a0        0x4 ./Middlewares/Third_Party/FreeRTOS/Source/tasks.o
 .bss.pxOverflowDelayedTaskList
                0x200014a4        0x4 ./Middlewares/Third_Party/FreeRTOS/Source/tasks.o
 .bss.xPendingReadyList
                0x200014a8       0x14 ./Middlewares/Third_Party/FreeRTOS/Source/tasks.o
 .bss.xTasksWaitingTermination
                0x200014bc       0x14 ./Middlewares/Third_Party/FreeRTOS/Source/tasks.o
 .bss.uxDeletedTasksWaitingCleanUp
                0x200014d0        0x4 ./Middlewares/Third_Party/FreeRTOS/Source/tasks.o
 .bss.xSuspendedTaskList
                0x200014d4       0x14 ./Middlewares/Third_Party/FreeRTOS/Source/tasks.o
 .bss.uxCurrentNumberOfTasks
                0x200014e8        0x4 ./Middlewares/Third_Party/FreeRTOS/Source/tasks.o
 .bss.xTickCount
                0x200014ec        0x4 ./Middlewares/Third_Party/FreeRTOS/Source/tasks.o
 .bss.uxTopReadyPriority
                0x200014f0        0x4 ./Middlewares/Third_Party/FreeRTOS/Source/tasks.o
 .bss.xSchedulerRunning
                0x200014f4        0x4 ./Middlewares/Third_Party/FreeRTOS/Source/tasks.o
 .bss.xPendedTicks
                0x200014f8        0x4 ./Middlewares/Third_Party/FreeRTOS/Source/tasks.o
 .bss.xYieldPending
                0x200014fc        0x4 ./Middlewares/Third_Party/FreeRTOS/Source/tasks.o
 .bss.xNumOfOverflows
                0x20001500        0x4 ./Middlewares/Third_Party/FreeRTOS/Source/tasks.o
 .bss.uxTaskNumber
                0x20001504        0x4 ./Middlewares/Third_Party/FreeRTOS/Source/tasks.o
 .bss.xNextTaskUnblockTime
                0x20001508        0x4 ./Middlewares/Third_Party/FreeRTOS/Source/tasks.o
 .bss.xIdleTaskHandle
                0x2000150c        0x4 ./Middlewares/Third_Party/FreeRTOS/Source/tasks.o
 .bss.uxSchedulerSuspended
                0x20001510        0x4 ./Middlewares/Third_Party/FreeRTOS/Source/tasks.o
 .bss.xActiveTimerList1
                0x20001514       0x14 ./Middlewares/Third_Party/FreeRTOS/Source/timers.o
 .bss.xActiveTimerList2
                0x20001528       0x14 ./Middlewares/Third_Party/FreeRTOS/Source/timers.o
 .bss.pxCurrentTimerList
                0x2000153c        0x4 ./Middlewares/Third_Party/FreeRTOS/Source/timers.o
 .bss.pxOverflowTimerList
                0x20001540        0x4 ./Middlewares/Third_Party/FreeRTOS/Source/timers.o
 .bss.xTimerQueue
                0x20001544        0x4 ./Middlewares/Third_Party/FreeRTOS/Source/timers.o
 .bss.xTimerTaskHandle
                0x20001548        0x4 ./Middlewares/Third_Party/FreeRTOS/Source/timers.o
 .bss.xLastTime.2
                0x2000154c        0x4 ./Middlewares/Third_Party/FreeRTOS/Source/timers.o
 .bss.ucStaticTimerQueueStorage.1
                0x20001550       0xa0 ./Middlewares/Third_Party/FreeRTOS/Source/timers.o
 .bss.xStaticTimerQueue.0
                0x200015f0       0x50 ./Middlewares/Third_Party/FreeRTOS/Source/timers.o
 .bss.ucMaxSysCallPriority
                0x20001640        0x1 ./Middlewares/Third_Party/FreeRTOS/Source/portable/GCC/ARM_CM3/port.o
 *fill*         0x20001641        0x3 
 .bss.ulMaxPRIGROUPValue
                0x20001644        0x4 ./Middlewares/Third_Party/FreeRTOS/Source/portable/GCC/ARM_CM3/port.o
 .bss.ucHeap    0x20001648     0x6000 ./Middlewares/Third_Party/FreeRTOS/Source/portable/MemMang/heap_4.o
 .bss.xStart    0x20007648        0x8 ./Middlewares/Third_Party/FreeRTOS/Source/portable/MemMang/heap_4.o
 .bss.pxEnd     0x20007650        0x4 ./Middlewares/Third_Party/FreeRTOS/Source/portable/MemMang/heap_4.o
 .bss.xFreeBytesRemaining
                0x20007654        0x4 ./Middlewares/Third_Party/FreeRTOS/Source/portable/MemMang/heap_4.o
 .bss.xMinimumEverFreeBytesRemaining
                0x20007658        0x4 ./Middlewares/Third_Party/FreeRTOS/Source/portable/MemMang/heap_4.o
 .bss.xNumberOfSuccessfulAllocations
                0x2000765c        0x4 ./Middlewares/Third_Party/FreeRTOS/Source/portable/MemMang/heap_4.o
 .bss.xNumberOfSuccessfulFrees
                0x20007660        0x4 ./Middlewares/Third_Party/FreeRTOS/Source/portable/MemMang/heap_4.o
 .bss.xBlockAllocatedBit
                0x20007664        0x4 ./Middlewares/Third_Party/FreeRTOS/Source/portable/MemMang/heap_4.o
 .bss.__sf      0x20007668      0x138 C:/ST/STM32CubeIDE_2.0.0/STM32CubeIDE/plugins/com.st.stm32cube.ide.mcu.externaltools.gnu-tools-for-stm32.13.3.rel1.win32_1.0.100.202509120712/tools/bin/../lib/gcc/arm-none-eabi/13.3.1/../../../../arm-none-eabi/lib/thumb/v7-m/nofp\libc_nano.a(libc_a-findfp.o)
                0x20007668                __sf
 .bss.__stdio_exit_handler
                0x200077a0        0x4 C:/ST/STM32CubeIDE_2.0.0/STM32CubeIDE/plugins/com.st.stm32cube.ide.mcu.externaltools.gnu-tools-for-stm32.13.3.rel1.win32_1.0.100.202509120712/tools/bin/../lib/gcc/arm-none-eabi/13.3.1/../../../../arm-none-eabi/lib/thumb/v7-m/nofp\libc_nano.a(libc_a-findfp.o)
                0x200077a0                __stdio_exit_handler
 .bss.errno     0x200077a4        0x4 C:/ST/STM32CubeIDE_2.0.0/STM32CubeIDE/plugins/com.st.stm32cube.ide.mcu.externaltools.gnu-tools-for-stm32.13.3.rel1.win32_1.0.100.202509120712/tools/bin/../lib/gcc/arm-none-eabi/13.3.1/../../../../arm-none-eabi/lib/thumb/v7-m/nofp\libc_nano.a(libc_a-reent.o)
                0x200077a4                errno
 .bss.__lock___malloc_recursive_mutex
                0x200077a8        0x1 C:/ST/STM32CubeIDE_2.0.0/STM32CubeIDE/plugins/com.st.stm32cube.ide.mcu.externaltools.gnu-tools-for-stm32.13.3.rel1.win32_1.0.100.202509120712/tools/bin/../lib/gcc/arm-none-eabi/13.3.1/../../../../arm-none-eabi/lib/thumb/v7-m/nofp\libc_nano.a(libc_a-lock.o)
                0x200077a8                __lock___malloc_recursive_mutex
 .bss.__lock___sfp_recursive_mutex
                0x200077a9        0x1 C:/ST/STM32CubeIDE_2.0.0/STM32CubeIDE/plugins/com.st.stm32cube.ide.mcu.externaltools.gnu-tools-for-stm32.13.3.rel1.win32_1.0.100.202509120712/tools/bin/../lib/gcc/arm-none-eabi/13.3.1/../../../../arm-none-eabi/lib/thumb/v7-m/nofp\libc_nano.a(libc_a-lock.o)
                0x200077a9                __lock___sfp_recursive_mutex
 *fill*         0x200077aa        0x2 
 .bss.__malloc_sbrk_start
                0x200077ac        0x4 C:/ST/STM32CubeIDE_2.0.0/STM32CubeIDE/plugins/com.st.stm32cube.ide.mcu.externaltools.gnu-tools-for-stm32.13.3.rel1.win32_1.0.100.202509120712/tools/bin/../lib/gcc/arm-none-eabi/13.3.1/../../../../arm-none-eabi/lib/thumb/v7-m/nofp\libc_nano.a(libc_a-mallocr.o)