../Core/Src/main.c:113:5:main	1
../Core/Src/main.c:208:6:SystemClock_Config	3
../Core/Src/main.c:248:13:MX_TIM3_Init	6
../Core/Src/main.c:307:13:MX_UART5_Init	2
../Core/Src/main.c:340:13:MX_USART1_UART_Init	2
../Core/Src/main.c:373:13:MX_USART2_UART_Init	2
../Core/Src/main.c:406:13:MX_USART3_UART_Init	2
../Core/Src/main.c:437:13:MX_DMA_Init	1
../Core/Src/main.c:458:13:MX_GPIO_Init	1
../Core/Src/main.c:501:6:StartSystemTask	1
../Core/Src/main.c:524:6:StartCommunicationTask	1
../Core/Src/main.c:545:6:StartSensorTask	1
../Core/Src/main.c:563:6:StartActuatorTask	1
../Core/Src/main.c:578:6:Error_Handler	1
