../Core/Src/main.c:113:5:main	8	static
../Core/Src/main.c:208:6:SystemClock_Config	72	static
../Core/Src/main.c:248:13:MX_TIM3_Init	64	static
../Core/Src/main.c:307:13:MX_UART5_Init	8	static
../Core/Src/main.c:340:13:MX_USART1_UART_Init	8	static
../Core/Src/main.c:373:13:MX_USART2_UART_Init	8	static
../Core/Src/main.c:406:13:MX_USART3_UART_Init	8	static
../Core/Src/main.c:437:13:MX_DMA_Init	16	static
../Core/Src/main.c:458:13:MX_GPIO_Init	40	static
../Core/Src/main.c:501:6:StartSystemTask	24	static
../Core/Src/main.c:524:6:StartCommunicationTask	16	static
../Core/Src/main.c:545:6:StartSensorTask	16	static
../Core/Src/main.c:563:6:StartActuatorTask	16	static
../Core/Src/main.c:578:6:Error_Handler	4	static,ignoring_inline_asm
